******************************************************************************
                  TI ARM Linker PC v20.2.2                     
******************************************************************************
>> Linked Thu Apr  8 17:01:51 2021

OUTPUT FILE NAME:   <rfEasyLinkEchoRx_CC1310_LAUNCHXL_tirtos_ccs.out>
ENTRY POINT SYMBOL: "ResetISR"  address: 00008225


MEMORY CONFIGURATION

         name            origin    length      used     unused   attr    fill
----------------------  --------  ---------  --------  --------  ----  --------
  FLASH                 00000000   00020000  0000e2d5  00011d2b  R  X
  SRAM                  20000000   00005000  00002e32  000021ce  RW X


SEGMENT ALLOCATION MAP

run origin  load origin   length   init length attrs members
----------  ----------- ---------- ----------- ----- -------
00000000    00000000    0000e280   0000e280    r-x
  00000000    00000000    0000003c   0000003c    r-- .resetVecs
  0000003c    0000003c    0000a914   0000a914    r-x .text
  0000a950    0000a950    000035a5   000035a5    r-- .const
  0000def8    0000def8    00000388   00000388    r-- .cinit
0001ffa8    0001ffa8    00000058   00000058    r--
  0001ffa8    0001ffa8    00000058   00000058    r-- .ccfg
200000c8    200000c8    00001000   00000000    r--
  200000c8    200000c8    00001000   00000000    r-- .priheap
200010c8    200010c8    0000196c   00000000    rw-
  200010c8    200010c8    00000e6e   00000000    rw- .bss
  20001f38    20001f38    00000afc   00000000    rw- .data
20004c00    20004c00    00000400   00000000    rw-
  20004c00    20004c00    00000400   00000000    rw- .stack


SECTION ALLOCATION MAP

 output                                  attributes/
section   page    origin      length       input sections
--------  ----  ----------  ----------   ----------------
.cinit     0    0000def8    00000388     
                  0000def8    00000360     (.cinit..data.load) [load image, compression = lzss]
                  0000e258    0000000c     (__TI_handler_table)
                  0000e264    00000004     --HOLE-- [fill = 0]
                  0000e268    00000008     (.cinit..bss.load) [load image, compression = zero_init]
                  0000e270    00000010     (__TI_cinit_table)

.init_array 
*          0    00000000    00000000     UNINITIALIZED

.ccfg      0    0001ffa8    00000058     
                  0001ffa8    00000058     ccfg.obj (.ccfg:retain)

.bss       0    200010c8    00000e6e     UNINITIALIZED
                  200010c8    000003d8     rf_multiMode_cc13x0.aem3 : RFCC26XX_multiMode.oem3 (.bss:$O1$$)
                  200014a0    00000200     rfEasyLinkEchoRx.obj (.bss:echoTaskStack)
                  200016a0    00000200     release_pem3.oem3 (.bss:taskStackSection)
                  200018a0    0000012c     (.common:uartCC26XXObjects)
                  200019cc    000000c8     (.common:ti_sysbios_family_arm_m3_Hwi_dispatchTable)
                  20001a94    00000004     (.common:ClockP_tickPeriod)
                  20001a98    000000a8     EasyLink.obj (.bss:rfObject)
                  20001b40    00000098     EasyLink.obj (.bss:rxBuffer)
                  20001bd8    00000098     EasyLink.obj (.bss:rxPacket$3)
                  20001c70    0000008c     EasyLink.obj (.bss:txBuffer)
                  20001cfc    00000050     (.common:echoTask)
                  20001d4c    0000003c     rfEasyLinkEchoRx.obj (.bss:echoTaskParams)
                  20001d88    00000030     EasyLink.obj (.bss:EasyLink_cmdPropRxAdv)
                  20001db8    00000028     EasyLink.obj (.bss:EasyLink_cmdPropRadioSetup)
                  20001de0    00000024     (.common:uartParams)
                  20001e04    00000020     EasyLink.obj (.bss:EasyLink_cmdPropTxAdv)
                  20001e24    00000020     (.common:uartCC26XXRingBuffer)
                  20001e44    0000001c     EasyLink.obj (.bss:EasyLink_cmdPropCs)
                  20001e60    0000001c     EasyLink.obj (.bss:rfParams)
                  20001e7c    00000018     EasyLink.obj (.bss)
                  20001e94    00000018     EasyLink.obj (.bss:EasyLink_cmdFs)
                  20001eac    00000014     rf_multiMode_cc13x0.aem3 : RFCC26XX_multiMode.oem3 (.bss:RF_ratSyncCmd)
                  20001ec0    00000014     driverlib.lib : osc.obj (.bss:oscHfGlobals)
                  20001ed4    00000010     EasyLink.obj (.bss:EasyLink_RF_prop)
                  20001ee4    00000010     EasyLink.obj (.bss:EasyLink_params)
                  20001ef4    0000000c     rfEasyLinkEchoRx.obj (.bss:pinState)
                  20001f00    0000000c     EasyLink.obj (.bss:rxStatistics)
                  20001f0c    00000008     dpl_cc13x0.aem3 : PowerCC26XX_tirtos.oem3 (.bss:$O1$$)
                  20001f14    00000008     EasyLink.obj (.bss:dataQueue)
                  20001f1c    00000008     driverlib.lib : sys_ctrl.obj (.bss:powerQualGlobals)
                  20001f24    00000008     rfEasyLinkEchoRx.obj (.bss)
                  20001f2c    00000004     (.common:ti_sysbios_knl_Task_Instance_State_0_hookEnv__A)
                  20001f30    00000004     (.common:uart)
                  20001f34    00000001     rf_multiMode_cc13x0.aem3 : RFCC26XX_multiMode.oem3 (.bss)
                  20001f35    00000001     (.common:driverlib_release_0_56883)

.data      0    20001f38    00000afc     UNINITIALIZED
                  20001f38    00000114     drivers_cc13x0.aem3 : PINCC26XX.oem3 (.data:$O1$$)
                  2000204c    00000114                         : PowerCC26XX.oem3 (.data:PowerCC26XX_module)
                  20002160    00000090     easylink_config.obj (.data:EasyLink_supportedPhys)
                  200021f0    00000090     rfEasyLinkEchoRx.obj (.data:txPacket)
                  20002280    00000088     sysbios.aem3 : BIOS.obj (.data:$O1$$)
                  20002308    00000064     smartrf_settings_predefined.obj (.data:pOverrides_sl_lr)
                  2000236c    00000058     smartrf_settings_predefined.obj (.data:pOverrides_lrm)
                  200023c4    00000055     smartrf_settings_predefined.obj (.data:RF_PROP_txPowerTable)
                  20002419    00000001     drivers_cc13x0.aem3 : UART.oem3 (.data)
                  2000241a    00000002     release_pem3.oem3 (.data:ti_sysbios_family_arm_m3_Hwi_Module_State_0_excActive__A)
                  2000241c    00000054     smartrf_settings.obj (.data:pOverrides)
                  20002470    00000054     smartrf_settings_predefined.obj (.data:pOverrides_fsk)
                  200024c4    00000054     release_pem3.oem3 (.data:ti_sysbios_gates_GateMutex_Object__table__V)
                  20002518    0000004c     release_pem3.oem3 (.data:ti_sysbios_knl_Task_Object__table__V)
                  20002564    00000004     rtsv7M3_T_le_eabi.lib : rand.c.obj (.data)
                  20002568    00000048     release_pem3.oem3 (.data:ti_sysbios_family_arm_cc26xx_Timer_Object__table__V)
                  200025b0    00000044     release_pem3.oem3 (.data:ti_sysbios_knl_Task_Module__state__V)
                  200025f4    00000040     EasyLink.obj (.data:addrFilterTable)
                  20002634    00000034     release_pem3.oem3 (.data:ti_sysbios_family_arm_m3_Hwi_Module__state__V)
                  20002668    00000030     smartrf_settings_predefined.obj (.data:RF_cmdPropRxAdv_preDef)
                  20002698    00000030     release_pem3.oem3 (.data:ti_sysbios_family_arm_m3_Hwi_Object__table__V)
                  200026c8    00000030     release_pem3.oem3 (.data:ti_sysbios_family_arm_m3_Timer_Object__table__V)
                  200026f8    00000030     release_pem3.oem3 (.data:ti_sysbios_knl_Swi_Module_State_0_readyQ__A)
                  20002728    00000030     release_pem3.oem3 (.data:ti_sysbios_knl_Swi_Object__table__V)
                  20002758    00000030     release_pem3.oem3 (.data:ti_sysbios_knl_Task_Module_State_0_readyQ__A)
                  20002788    0000002c     release_pem3.oem3 (.data:ti_sysbios_knl_Clock_Module__state__V)
                  200027b4    00000028     smartrf_settings.obj (.data:RF_cmdPropRadioDivSetup)
                  200027dc    00000028     smartrf_settings_predefined.obj (.data:RF_cmdPropRadioDivSetup_fsk)
                  20002804    00000028     smartrf_settings_predefined.obj (.data:RF_cmdPropRadioDivSetup_lrm)
                  2000282c    00000028     smartrf_settings_predefined.obj (.data:RF_cmdPropRadioDivSetup_sl_lr)
                  20002854    00000024     release_pem3.oem3 (.data:ti_sysbios_BIOS_Module__state__V)
                  20002878    00000020     release_pem3.oem3 (.data:ti_sysbios_knl_Clock_Object__table__V)
                  20002898    00000020     release_pem3.oem3 (.data:xdc_runtime_Error_IgnoreBlock)
                  200028b8    0000001c     release_pem3.oem3 (.data:ti_sysbios_knl_Swi_Module__state__V)
                  200028d4    00000018     smartrf_settings.obj (.data:RF_cmdFs)
                  200028ec    00000018     smartrf_settings_predefined.obj (.data:RF_cmdFs_preDef)
                  20002904    00000018     smartrf_settings.obj (.data:RF_cmdPropTx)
                  2000291c    00000018     release_pem3.oem3 (.data:ti_sysbios_heaps_HeapMem_Object__table__V)
                  20002934    00000017     EasyLink.obj (.data)
                  2000294b    00000001     rfEasyLinkEchoRx.obj (.data)
                  2000294c    00000010     smartrf_settings.obj (.data:RF_prop)
                  2000295c    00000010     smartrf_settings_predefined.obj (.data:RF_prop_fsk)
                  2000296c    00000010     smartrf_settings_predefined.obj (.data:RF_prop_lrm)
                  2000297c    00000010     smartrf_settings_predefined.obj (.data:RF_prop_sl_lr)
                  2000298c    0000000c     rfEasyLinkEchoRx.obj (.data:pinTable)
                  20002998    0000000c     release_pem3.oem3 (.data:ti_sysbios_family_arm_m3_Timer_Module__state__V)
                  200029a4    00000008     rtsv7M3_T_le_eabi.lib : _lock.c.obj (.data:$O1$$)
                  200029ac    00000008     release_pem3.oem3 (.data:ti_sysbios_family_arm_cc26xx_Timer_Module__state__V)
                  200029b4    00000008     release_pem3.oem3 (.data:ti_sysbios_family_arm_m3_Hwi_Module__root__V)
                  200029bc    00000008     release_pem3.oem3 (.data:ti_sysbios_gates_GateHwi_Module__root__V)
                  200029c4    00000008     release_pem3.oem3 (.data:ti_sysbios_gates_GateMutex_Module__root__V)
                  200029cc    00000008     release_pem3.oem3 (.data:ti_sysbios_heaps_HeapMem_Module__root__V)
                  200029d4    00000008     release_pem3.oem3 (.data:ti_sysbios_knl_Clock_Module__root__V)
                  200029dc    00000008     release_pem3.oem3 (.data:ti_sysbios_knl_Queue_Module__root__V)
                  200029e4    00000008     release_pem3.oem3 (.data:ti_sysbios_knl_Semaphore_Module__root__V)
                  200029ec    00000008     release_pem3.oem3 (.data:ti_sysbios_knl_Swi_Module__root__V)
                  200029f4    00000008     release_pem3.oem3 (.data:ti_sysbios_knl_Task_Module__root__V)
                  200029fc    00000008     release_pem3.oem3 (.data:xdc_runtime_Startup_Module__state__V)
                  20002a04    00000008     release_pem3.oem3 (.data:xdc_runtime_System_Module_State_0_atexitHandlers__A)
                  20002a0c    00000008     release_pem3.oem3 (.data:xdc_runtime_System_Module__state__V)
                  20002a14    00000004     rtsv7M3_T_le_eabi.lib : stkdepth_vars.c.obj (.data)
                  20002a18    00000004     release_pem3.oem3 (.data:ti_sysbios_family_arm_m3_Hwi_Module_State_0_excContext__A)
                  20002a1c    00000004     release_pem3.oem3 (.data:ti_sysbios_family_arm_m3_Hwi_Module_State_0_excStack__A)
                  20002a20    00000004     release_pem3.oem3 (.data:ti_sysbios_family_arm_m3_TimestampProvider_Module__state__V)
                  20002a24    00000004     release_pem3.oem3 (.data:ti_sysbios_gates_GateHwi_Object__table__V)
                  20002a28    00000004     release_pem3.oem3 (.data:ti_sysbios_knl_Task_Module_State_0_idleTask__A)
                  20002a2c    00000004     release_pem3.oem3 (.data:ti_sysbios_rts_ti_ReentSupport_Module__state__V)
                  20002a30    00000004     release_pem3.oem3 (.data:xdc_runtime_Memory_Module__state__V)

.priheap   0    200000c8    00001000     UNINITIALIZED
                  200000c8    00001000     --HOLE--

.stack     0    20004c00    00000400     UNINITIALIZED
                  20004c00    00000400     --HOLE--

.bootVecs 
*          0    00000000    00000008     DSECT
                  00000000    00000008     boot.aem3 : boot.oem3 (.bootVecs)

.resetVecs 
*          0    00000000    0000003c     
                  00000000    0000003c     release_pem3.oem3 (.resetVecs)

.vecs      0    20000000    000000c8     NOLOAD SECTION
                  20000000    000000c8     release_pem3.oem3 (.vecs)

xdc.meta   0    00000000    00000101     COPY SECTION
                  00000000    00000101     release_pem3.oem3 (xdc.meta)

xdc.noload 
*          0    00000000    00000000     COPY SECTION

__llvm_prf_cnts 
*          0    20000000    00000000     UNINITIALIZED

.binit     0    00000000    00000000     

.text      0    0000003c    0000a914     
                  0000003c    000009c4     rtsv7M3_T_le_eabi.lib : e_pow.c.obj (.text:pow)
                  00000a00    00000690     EasyLink.obj (.text:EasyLink_init)
                  00001090    0000048c     rf_multiMode_cc13x0.aem3 : RFCC26XX_multiMode.oem3 (.text:RF_fsmActiveState)
                  0000151c    0000030c     drivers_cc13x0.aem3 : PowerCC26XX_calibrateRCOSC.oem3 (.text:PowerCC26XX_auxISR)
                  00001828    00000288     rf_multiMode_cc13x0.aem3 : RFCC26XX_multiMode.oem3 (.text:RF_scheduleCmd)
                  00001ab0    00000238     driverlib.lib : sys_ctrl.obj (.text:NOROM_SysCtrlSetRechargeBeforePowerDown)
                  00001ce8    00000224     drivers_cc13x0.aem3 : PowerCC26XX.oem3 (.text:Power_sleep)
                  00001f0c    00000200     EasyLink.obj (.text:EasyLink_transmitAsync)
                  0000210c    000001d8     rf_multiMode_cc13x0.aem3 : RFCC26XX_multiMode.oem3 (.text:RF_open)
                  000022e4    000001c4     EasyLink.obj (.text:EasyLink_receiveAsync)
                  000024a8    000001b6     rtsv7M3_T_le_eabi.lib : fd_add_t2.asm.obj (.text)
                  0000265e    00000002     rf_multiMode_cc13x0.aem3 : RFCC26XX_multiMode.oem3 (.text:RF_defaultCallback)
                  00002660    000001b4     EasyLink.obj (.text:rxDoneCallback)
                  00002814    000001b0     drivers_cc13x0.aem3 : PINCC26XX.oem3 (.text:PIN_init)
                  000029c4    00000190                         : PowerCC26XX_calibrateRCOSC.oem3 (.text:PowerCC26XX_doCalibrate)
                  00002b54    00000170     rtsv7M3_T_le_eabi.lib : e_sqrt.c.obj (.text:sqrt)
                  00002cc4    00000164     drivers_cc13x0.aem3 : UARTCC26XX.oem3 (.text:UARTCC26XX_open)
                  00002e28    00000154     rf_multiMode_cc13x0.aem3 : RFCC26XX_multiMode.oem3 (.text:RF_fsmSetupState)
                  00002f7c    00000148     drivers_cc13x0.aem3 : UARTCC26XX.oem3 (.text:UARTCC26XX_hwiIntFxn)
                  000030c4    00000136                         : UARTCC26XX.oem3 (.text:UARTCC26XX_read)
                  000031fa    00000136     rtsv7M3_T_le_eabi.lib : fd_div_t2.asm.obj (.text)
                  00003330    00000134     rf_multiMode_cc13x0.aem3 : RFCC26XX_multiMode.oem3 (.text:RF_abortCmd)
                  00003464    00000128     smartrf_settings.obj (.text:rf_patch_rfe_genfsk)
                  0000358c    00000128     smartrf_settings_predefined.obj (.text:rf_patch_rfe_genfsk)
                  000036b4    00000128     smartrf_settings_predefined.obj (.text:rf_patch_rfe_lrm)
                  000037dc    00000128     smartrf_settings_predefined.obj (.text:rf_patch_rfe_sl_longrange)
                  00003904    00000124     driverlib.lib : setup_rom.obj (.text:NOROM_SetupAfterColdResetWakeupFromShutDownCfg3)
                  00003a28    00000124     rf_multiMode_cc13x0.aem3 : RFCC26XX_multiMode.oem3 (.text:RF_dispatchNextCmd)
                  00003b4c    00000118                              : RFCC26XX_multiMode.oem3 (.text:RF_radioOpDoneCb)
                  00003c64    00000114     drivers_cc13x0.aem3 : PowerCC26XX.oem3 (.text:Power_init)
                  00003d78    00000110     rf_multiMode_cc13x0.aem3 : RFCC26XX_multiMode.oem3 (.text:RF_close)
                  00003e88    0000010c     rfEasyLinkEchoRx.obj (.text:main)
                  00003f94    000000fc     rtsv7M3_T_le_eabi.lib : fd_mul_t2.asm.obj (.text)
                  00004090    000000f8     sysbios.aem3 : BIOS.obj (.text:xdc_runtime_Startup_startMods__I)
                  00004188    000000f0     driverlib.lib : setup_rom.obj (.text:NOROM_SetupAfterColdResetWakeupFromShutDownCfg2)
                  00004278    000000f0     drivers_cc13x0.aem3 : PINCC26XX.oem3 (.text:PINCC26XX_setIoCfg)
                  00004368    000000e8     rf_multiMode_cc13x0.aem3 : RFCC26XX_multiMode.oem3 (.text:RF_fsmPowerUpState)
                  00004450    000000e8     rfEasyLinkEchoRx.obj (.text:rfEasyLinkEchoRxFnx)
                  00004538    000000e8     sysbios.aem3 : BIOS.obj (.text:ti_sysbios_knl_Task_postInit__I)
                  00004620    000000e4     dpl_cc13x0.aem3 : PowerCC26XX_tirtos.oem3 (.text:PowerCC26XX_standbyPolicy)
                  00004704    000000e2     drivers_cc13x0.aem3 : UARTCC26XX.oem3 (.text:UARTCC26XX_write)
                  000047e6    00000002     rtsv7M3_T_le_eabi.lib : _lock.c.obj (.text:_nop)
                  000047e8    000000dc     sysbios.aem3 : BIOS.obj (.text:ti_sysbios_knl_Task_Instance_finalize__E)
                  000048c4    000000dc                  : BIOS.obj (.text:ti_sysbios_knl_Task_Instance_init__E)
                  000049a0    000000d4     driverlib.lib : rfc.obj (.text:NOROM_RFCRfTrimRead)
                  00004a74    000000d4     rf_multiMode_cc13x0.aem3 : RFCC26XX_multiMode.oem3 (.text:RF_pendCmd)
                  00004b48    000000d0     rtsv7M3_T_le_eabi.lib : s_scalbn.c.obj (.text:scalbn)
                  00004c18    000000cc     driverlib.lib : rfc.obj (.text:NOROM_RFCRTrim)
                  00004ce4    000000cc     rf_multiMode_cc13x0.aem3 : RFCC26XX_multiMode.oem3 (.text:RF_swiHw)
                  00004db0    000000cc     sysbios.aem3 : m3_Hwi_asm.obj (.text:ti_sysbios_family_arm_m3_Hwi_dispatch__I)
                  00004e7c    000000cc                  : BIOS.obj (.text:ti_sysbios_knl_Semaphore_pend__E)
                  00004f48    000000c8     driverlib.lib : setup.obj (.text:TrimAfterColdResetWakeupFromShutDown)
                  00005010    000000c4     smartrf_settings_predefined.obj (.text:rf_patch_mce_sl_longrange)
                  000050d4    000000bc     drivers_cc13x0.aem3 : PowerCC26XX.oem3 (.text:Power_releaseDependency)
                  00005190    000000b8     rf_multiMode_cc13x0.aem3 : RFCC26XX_multiMode.oem3 (.text:RF_postCmd)
                  00005248    000000b4     drivers_cc13x0.aem3 : PowerCC26XX.oem3 (.text:Power_setDependency)
                  000052fc    000000b0     rf_multiMode_cc13x0.aem3 : RFCC26XX_multiMode.oem3 (.text:RF_hwiCpe0Active)
                  000053ac    000000ac     EasyLink.obj (.text:txDoneCallback)
                  00005458    000000a8     driverlib.lib : setup.obj (.text:NOROM_SetupTrimDevice)
                  00005500    000000a8     rf_multiMode_cc13x0.aem3 : RFCC26XX_multiMode.oem3 (.text:RF_ratRestartChannels)
                  000055a8    000000a4     driverlib.lib : setup_rom.obj (.text:NOROM_SetupAfterColdResetWakeupFromShutDownCfg1)
                  0000564c    000000a4     drivers_cc13x0.aem3 : UARTCC26XX.oem3 (.text:UARTCC26XX_initHw)
                  000056f0    000000a4     rfEasyLinkEchoRx.obj (.text:echoRxDoneCb)
                  00005794    000000a4     drivers_cc13x0.aem3 : PowerCC26XX.oem3 (.text:switchXOSCHFclockFunc)
                  00005838    000000a0                         : PINCC26XX.oem3 (.text:PIN_open)
                  000058d8    000000a0     auto_init.aem3 : auto_init.oem3 (.text)
                  00005978    0000009c     rf_multiMode_cc13x0.aem3 : RFCC26XX_multiMode.oem3 (.text:RF_calculateDispatchTime)
                  00005a14    0000009c     rtsv7M3_T_le_eabi.lib : memcpy_t2.asm.obj (.text)
                  00005ab0    00000098     drivers_cc13x0.aem3 : UARTCC26XX.oem3 (.text:UARTCC26XX_initIO)
                  00005b48    00000098     smartrf_settings.obj (.text:configureGenfskPatch)
                  00005be0    00000098     smartrf_settings_predefined.obj (.text:configureGenfskPatch)
                  00005c78    00000098     smartrf_settings_predefined.obj (.text:configureLrmPatch)
                  00005d10    00000098     smartrf_settings_predefined.obj (.text:configureSlLongrangePatch)
                  00005da8    00000098     sysbios.aem3 : BIOS.obj (.text:ti_sysbios_knl_Clock_workFuncDynamic__E)
                  00005e40    00000096     rtsv7M3_T_le_eabi.lib : ull_div_t2.asm.obj (.text)
                  00005ed6    00000092                           : fs_div_t2.asm.obj (.text)
                  00005f68    00000090     rf_multiMode_cc13x0.aem3 : RFCC26XX_multiMode.oem3 (.text:RF_discardPendCmd)
                  00005ff8    00000090     sysbios.aem3 : BIOS.obj (.text:ti_sysbios_family_arm_cc26xx_Timer_start__E)
                  00006088    0000008e     drivers_cc13x0.aem3 : UARTCC26XX.oem3 (.text:UARTCC26XX_writeCancel)
                  00006116    00000002                         : PowerCC26XX.oem3 (.text:emptyClockFunc)
                  00006118    0000008c     sysbios.aem3 : BIOS.obj (.text:ti_sysbios_family_arm_m3_Hwi_Instance_init__E)
                  000061a4    0000008c                  : BIOS.obj (.text:ti_sysbios_knl_Task_schedule__I)
                  00006230    00000088                  : BIOS.obj (.text:ti_sysbios_knl_Task_startCore__E)
                  000062b8    00000086     rtsv7M3_T_le_eabi.lib : fd_cmp_t2.asm.obj (.text:__aeabi_cdcmple)
                  0000633e    00000086                           : fd_cmp_t2.asm.obj (.text:__aeabi_cdrcmple)
                  000063c4    00000084     CC1310_LAUNCHXL_fxns.obj (.text:CC1310_LAUNCHXL_sendExtFlashByte)
                  00006448    00000084     rf_multiMode_cc13x0.aem3 : RFCC26XX_multiMode.oem3 (.text:RF_issueRadioFreeCb)
                  000064cc    00000084     drivers_cc13x0.aem3 : UARTCC26XX.oem3 (.text:UARTCC26XX_close)
                  00006550    00000084     sysbios.aem3 : BIOS.obj (.text:ti_sysbios_knl_Task_Module_startup__E)
                  000065d4    00000080                  : BIOS.obj (.text:ti_sysbios_family_arm_m3_Hwi_initNVIC__E)
                  00006654    00000080     drivers_cc13x0.aem3 : UARTCC26XX.oem3 (.text:writeTxFifoFlush)
                  000066d4    0000007e     rf_multiMode_cc13x0.aem3 : RFCC26XX_multiMode.oem3 (.text:RF_verifyGap)
                  00006752    00000002     smartrf_settings.obj (.text:enterGenfskSysPatch)
                  00006754    0000007c     rf_multiMode_cc13x0.aem3 : RFCC26XX_multiMode.oem3 (.text:RF_ratFreeChannel)
                  000067d0    0000007a     rtsv7M3_T_le_eabi.lib : memset_t2.asm.obj (.text)
                  0000684a    00000002     smartrf_settings_predefined.obj (.text:enterGenfskSysPatch)
                  0000684c    00000078     sysbios.aem3 : BIOS.obj (.text:ti_sysbios_knl_Clock_walkQueueDynamic__E)
                  000068c4    00000074     driverlib.lib : setup_rom.obj (.text:NOROM_SetupSetVddrLevel)
                  00006938    00000072     sysbios.aem3 : BIOS.obj (.text:ti_sysbios_heaps_HeapMem_allocUnprotected__E)
                  000069aa    00000002     smartrf_settings_predefined.obj (.text:enterLrmSysPatch)
                  000069ac    00000070     rf_multiMode_cc13x0.aem3 : RFCC26XX_multiMode.oem3 (.text:RF_hwiHw)
                  00006a1c    00000070     sysbios.aem3 : BIOS.obj (.text:xdc_runtime_Memory_alloc__E)
                  00006a8c    0000006e     rtsv7M3_T_le_eabi.lib : fd_tos_t2.asm.obj (.text)
                  00006afa    0000006e     sysbios.aem3 : BIOS.obj (.text:xdc_runtime_Core_createObject__I)
                  00006b68    0000006c     drivers_cc13x0.aem3 : PowerCC26XX_calibrateRCOSC.oem3 (.text:PowerCC26XX_initiateCalibration)
                  00006bd4    0000006c     rf_multiMode_cc13x0.aem3 : RFCC26XX_multiMode.oem3 (.text:RF_initRadioSetup)
                  00006c40    00000068     driverlib.lib : setup_rom.obj (.text:NOROM_SetupGetTrimForAmpcompCtrl)
                  00006ca8    00000068                   : setup_rom.obj (.text:NOROM_SetupGetTrimForAnabypassValue1)
                  00006d10    00000068                   : sys_ctrl.obj (.text:NOROM_SysCtrlAdjustRechargeAfterPowerDown)
                  00006d78    00000068                   : sys_ctrl.obj (.text:NOROM_SysCtrl_DCDC_VoltageConditionalControl)
                  00006de0    00000068     rtsv7M3_T_le_eabi.lib : copy_decompress_lzss.c.obj (.text:decompress:lzss:__TI_decompress_lzss)
                  00006e48    00000068     drivers_cc13x0.aem3 : PowerCC26XX.oem3 (.text:lfClockReadyCallback)
                  00006eb0    00000068     sysbios.aem3 : BIOS.obj (.text:ti_sysbios_knl_Swi_restoreHwi__E)
                  00006f18    00000066                  : BIOS.obj (.text:xdc_runtime_Core_deleteObject__I)
                  00006f7e    00000002     smartrf_settings_predefined.obj (.text:enterSlLongrangeSysPatch)
                  00006f80    00000064     driverlib.lib : osc.obj (.text:NOROM_OSCHF_AttemptToSwitchToXosc)
                  00006fe4    00000064     rf_multiMode_cc13x0.aem3 : RFCC26XX_multiMode.oem3 (.text:RF_checkForPreemption)
                  00007048    00000064                              : RFCC26XX_multiMode.oem3 (.text:RF_dispatchNextEvent)
                  000070ac    00000064     drivers_cc13x0.aem3 : PowerCC26XX.oem3 (.text:configureXOSCHF)
                  00007110    00000064     rfEasyLinkEchoRx.obj (.text:distanceCalc)
                  00007174    00000060     driverlib.lib : osc.obj (.text:NOROM_OSCClockSourceSet)
                  000071d4    00000060     drivers_cc13x0.aem3 : PowerCC26XX.oem3 (.text:PowerCC26XX_calibrate)
                  00007234    00000060     rf_multiMode_cc13x0.aem3 : RFCC26XX_multiMode.oem3 (.text:RF_getCurrentTime)
                  00007294    00000060     drivers_cc13x0.aem3 : UARTCC26XX.oem3 (.text:UARTCC26XX_control)
                  000072f4    00000060     EasyLink.obj (.text:calculateCmdTime)
                  00007354    00000060     rfEasyLinkEchoRx.obj (.text:echoTask_init)
                  000073b4    00000060     rfEasyLinkEchoRx.obj (.text:echoTxDoneCb)
                  00007414    00000060     sysbios.aem3 : BIOS.obj (.text:ti_sysbios_knl_Clock_startI__E)
                  00007474    00000060                  : BIOS.obj (.text:ti_sysbios_knl_Semaphore_post__E)
                  000074d4    00000060                  : BIOS.obj (.text:ti_sysbios_knl_Task_exit__E)
                  00007534    0000005e     drivers_cc13x0.aem3 : UARTCC26XX.oem3 (.text:UARTCC26XX_swiIntFxn)
                  00007592    00000002     rtsv7M3_T_le_eabi.lib : div0.asm.obj (.text)
                  00007594    0000005c     drivers_cc13x0.aem3 : PowerCC26XX_calibrateRCOSC.oem3 (.text:PowerCC26XX_RCOSC_clockFunc)
                  000075f0    0000005c     rf_multiMode_cc13x0.aem3 : RFCC26XX_multiMode.oem3 (.text:RF_hwiCpe0PowerFsm)
                  0000764c    0000005c                              : RFCC26XX_multiMode.oem3 (.text:RF_syncCb)
                  000076a8    0000005c     sysbios.aem3 : BIOS.obj (.text:ti_sysbios_heaps_HeapMem_initPrimary__I)
                  00007704    0000005a     EasyLink.obj (.text:createTxAdvFromTx)
                  0000775e    00000002     sysbios.aem3 : BIOS.obj (.text:ti_sysbios_BIOS_linkedWithIncorrectBootLibrary__E)
                  00007760    00000058     drivers_cc13x0.aem3 : PINCC26XX.oem3 (.text:PIN_remove)
                  000077b8    00000058     rf_multiMode_cc13x0.aem3 : RFCC26XX_multiMode.oem3 (.text:RF_cmdDispatchTime)
                  00007810    00000058     sysbios.aem3 : BIOS.obj (.text:ti_sysbios_family_arm_m3_Hwi_postInit__I)
                  00007868    00000058                  : BIOS.obj (.text:ti_sysbios_heaps_HeapMem_alloc__E)
                  000078c0    00000058                  : BIOS.obj (.text:ti_sysbios_heaps_HeapMem_freeUnprotected__E)
                  00007918    00000058                  : BIOS.obj (.text:ti_sysbios_knl_Swi_run__I)
                  00007970    00000054     rf_multiMode_cc13x0.aem3 : RFCC26XX_multiMode.oem3 (.text:RF_applyRfCorePatch)
                  000079c4    00000054     sysbios.aem3 : BIOS.obj (.text:ti_sysbios_family_arm_m3_Hwi_dispatchC__I)
                  00007a18    00000054                  : BIOS.obj (.text:ti_sysbios_knl_Swi_schedule__I)
                  00007a6c    00000054                  : BIOS.obj (.text:ti_sysbios_knl_Task_unblockI__E)
                  00007ac0    00000050     dpl_cc13x0.aem3 : ClockP_tirtos.oem3 (.text:ClockP_construct)
                  00007b10    00000050     driverlib.lib : setup_rom.obj (.text:NOROM_SetupSetCacheModeAccordingToCcfgSetting)
                  00007b60    00000050     rf_multiMode_cc13x0.aem3 : RFCC26XX_multiMode.oem3 (.text:RF_fsmXOSCState)
                  00007bb0    00000050                              : RFCC26XX_multiMode.oem3 (.text:RF_wakeupNotification)
                  00007c00    00000050     drivers_cc13x0.aem3 : UARTCC26XX.oem3 (.text:startTxFifoEmptyClk)
                  00007c50    00000050     release_pem3.oem3 (.text:ti_sysbios_family_arm_m3_Hwi_construct)
                  00007ca0    00000050     sysbios.aem3 : BIOS.obj (.text:ti_sysbios_knl_Swi_runLoop__I)
                  00007cf0    00000050                  : BIOS.obj (.text:xdc_runtime_Startup_exec__E)
                  00007d40    0000004c     CC1310_LAUNCHXL_fxns.obj (.text:CC1310_LAUNCHXL_wakeUpExtFlash)
                  00007d8c    0000004c     rtsv7M3_T_le_eabi.lib : cpy_tbl.c.obj (.text:copy_in)
                  00007dd8    0000004c     sysbios.aem3 : m3_TaskSupport_asm.obj (.text:ti_sysbios_family_arm_m3_TaskSupport_buildTaskStack)
                  00007e24    0000004c                  : BIOS.obj (.text:ti_sysbios_knl_Swi_Instance_init__E)
                  00007e70    0000004c     release_pem3.oem3 (.text:ti_sysbios_knl_Swi_construct)
                  00007ebc    0000004c     release_pem3.oem3 (.text:ti_sysbios_knl_Task_construct)
                  00007f08    0000004c     sysbios.aem3 : BIOS.obj (.text:xdc_runtime_Assert_raise__I)
                  00007f54    0000004a     drivers_cc13x0.aem3 : UARTCC26XX.oem3 (.text:UARTCC26XX_readCancel)
                  00007f9e    00000002     release_pem3.oem3 (.text:ti_sysbios_BIOS_nullFunc__I)
                  00007fa0    00000048     drivers_cc13x0.aem3 : PINCC26XX.oem3 (.text:PIN_setOutputEnable)
                  00007fe8    00000048     sysbios.aem3 : BIOS.obj (.text:ti_sysbios_family_arm_m3_Hwi_Module_startup__E)
                  00008030    00000048                  : m3_Hwi_asm_switch.obj (.text:ti_sysbios_family_arm_m3_Hwi_initStacks__E)
                  00008078    00000048                  : BIOS.obj (.text:ti_sysbios_family_arm_m3_Timer_setPeriod__E)
                  000080c0    00000048                  : BIOS.obj (.text:ti_sysbios_heaps_HeapMem_getStats__E)
                  00008108    00000048     drivers_cc13x0.aem3 : UARTCC26XX.oem3 (.text:writeFinishedDoCallback)
                  00008150    00000048     sysbios.aem3 : BIOS.obj (.text:xdc_runtime_Core_assignParams__I)
                  00008198    00000048                  : BIOS.obj (.text:xdc_runtime_Core_constructObject__I)
                  000081e0    00000044     drivers_cc13x0.aem3 : RingBuf.oem3 (.text:RingBuf_put)
                  00008224    00000044     boot.aem3 : boot.oem3 (.text)
                  00008268    00000044     sysbios.aem3 : BIOS.obj (.text:ti_sysbios_family_arm_m3_Hwi_disableInterrupt__E)
                  000082ac    00000044                  : BIOS.obj (.text:ti_sysbios_family_arm_m3_Hwi_enableInterrupt__E)
                  000082f0    00000044                  : BIOS.obj (.text:ti_sysbios_family_arm_m3_Timer_start__E)
                  00008334    00000044                  : BIOS.obj (.text:ti_sysbios_knl_Mailbox_Module_startup__E)
                  00008378    00000044                  : BIOS.obj (.text:ti_sysbios_knl_Swi_post__E)
                  000083bc    00000044                  : BIOS.obj (.text:ti_sysbios_knl_Task_allBlockedFunction__I)
                  00008400    00000040     CC1310_LAUNCHXL_fxns.obj (.text:CC1310_LAUNCHXL_shutDownExtFlash)
                  00008440    00000040     driverlib.lib : chipinfo.obj (.text:NOROM_ChipInfo_GetHwRevision)
                  00008480    00000040     drivers_cc13x0.aem3 : PINCC26XX.oem3 (.text:PIN_swi)
                  000084c0    00000040                         : UART.oem3 (.text:UART_init)
                  00008500    00000040                         : UART.oem3 (.text:UART_open)
                  00008540    00000040     sysbios.aem3 : BIOS.obj (.text:ti_sysbios_family_arm_cc26xx_Timer_setThreshold__I)
                  00008580    00000040                  : BIOS.obj (.text:ti_sysbios_family_arm_m3_Hwi_getStackInfo__E)
                  000085c0    0000003e     dpl_cc13x0.aem3 : HwiP_tirtos.oem3 (.text:HwiP_construct)
                  000085fe    0000003e     drivers_cc13x0.aem3 : RingBuf.oem3 (.text:RingBuf_get)
                  0000863c    0000003c     driverlib.lib : osc.obj (.text:NOROM_OSC_HPOSCRelativeFrequencyOffsetGet)
                  00008678    0000003c                   : rfc.obj (.text:NOROM_RFCSynthPowerDown)
                  000086b4    0000003c     drivers_cc13x0.aem3 : PowerCC26XX.oem3 (.text:PowerCC26XX_isStableXOSC_HF)
                  000086f0    0000003c     rf_multiMode_cc13x0.aem3 : RFCC26XX_multiMode.oem3 (.text:RF_cmdGet)
                  0000872c    0000003c                              : RFCC26XX_multiMode.oem3 (.text:RF_cmdStoreEvents)
                  00008768    0000003c     dpl_cc13x0.aem3 : SwiP_tirtos.oem3 (.text:SwiP_construct)
                  000087a4    0000003c     drivers_cc13x0.aem3 : PowerCC26XX.oem3 (.text:disableLfClkQualifiersEnableClkLoss)
                  000087e0    0000003c     sysbios.aem3 : BIOS.obj (.text:ti_sysbios_family_arm_m3_Hwi_construct2__E)
                  0000881c    00000038     drivers_cc13x0.aem3 : PINCC26XX.oem3 (.text:PIN_setConfig)
                  00008854    00000038                         : PINCC26XX.oem3 (.text:PIN_setOutputValue)
                  0000888c    00000038     rf_multiMode_cc13x0.aem3 : RFCC26XX_multiMode.oem3 (.text:RF_checkCmdFsError)
                  000088c4    00000038                              : RFCC26XX_multiMode.oem3 (.text:RF_powerConstraintRelease)
                  000088fc    00000038     drivers_cc13x0.aem3 : UARTCC26XX.oem3 (.text:readData)
                  00008934    00000038     rtsv7M3_T_le_eabi.lib : fs_tod_t2.asm.obj (.text)
                  0000896c    00000038                           : fs_toi_t2.asm.obj (.text)
                  000089a4    00000038                           : i_tofs_t2.asm.obj (.text)
                  000089dc    00000038     sysbios.aem3 : BIOS.obj (.text:ti_sysbios_family_arm_m3_Hwi_Instance_finalize__E)
                  00008a14    00000038                  : BIOS.obj (.text:ti_sysbios_heaps_HeapMem_Instance_init__E)
                  00008a4c    00000038                  : BIOS.obj (.text:ti_sysbios_knl_Clock_Instance_init__E)
                  00008a84    00000038     drivers_cc13x0.aem3 : UARTCC26XX.oem3 (.text:writeData)
                  00008abc    00000038     sysbios.aem3 : BIOS.obj (.text:xdc_runtime_System_atexit__E)
                  00008af4    00000036                  : BIOS.obj (.text:ti_sysbios_family_arm_cc26xx_Timer_setNextTick__E)
                  00008b2a    00000002                  : BIOS.obj (.text:ti_sysbios_family_arm_m3_TimestampProvider_rolloverFunc__E)
                  00008b2c    00000034     driverlib.lib : osc.obj (.text:NOROM_OSCHF_SwitchToRcOscTurnOffXosc)
                  00008b60    00000034     drivers_cc13x0.aem3 : PowerCC26XX.oem3 (.text:Power_releaseConstraint)
                  00008b94    00000034                         : PowerCC26XX.oem3 (.text:notify)
                  00008bc8    00000034     rtsv7M3_T_le_eabi.lib : rand.c.obj (.text:rand)
                  00008bfc    00000034     release_pem3.oem3 (.text:ti_sysbios_BIOS_startFunc__I)
                  00008c30    00000034     sysbios.aem3 : BIOS.obj (.text:ti_sysbios_family_arm_cc26xx_Timer_initDevice__I)
                  00008c64    00000034                  : BIOS.obj (.text:ti_sysbios_family_arm_m3_Timer_initDevice__I)
                  00008c98    00000034                  : BIOS.obj (.text:ti_sysbios_family_arm_m3_Timer_periodicStub__I)
                  00008ccc    00000034     release_pem3.oem3 (.text:ti_sysbios_knl_Semaphore_create)
                  00008d00    00000034     sysbios.aem3 : BIOS.obj (.text:ti_sysbios_knl_Swi_restore__E)
                  00008d34    00000034                  : BIOS.obj (.text:ti_sysbios_knl_Task_blockI__E)
                  00008d68    00000034                  : BIOS.obj (.text:xdc_runtime_Core_assignLabel__I)
                  00008d9c    00000030     driverlib.lib : chipinfo.obj (.text:NOROM_ChipInfo_GetChipType)
                  00008dcc    00000030                   : setup_rom.obj (.text:NOROM_SetupSetAonRtcSubSecInc)
                  00008dfc    00000030     drivers_cc13x0.aem3 : PINCC26XX.oem3 (.text:PINCC26XX_setMux)
                  00008e2c    00000030                         : PowerCC26XX.oem3 (.text:Power_setConstraint)
                  00008e5c    00000030                         : UARTCC26XX.oem3 (.text:readData2RingBuf)
                  00008e8c    00000030     release_pem3.oem3 (.text:ti_sysbios_BIOS_atExitFunc__I)
                  00008ebc    00000030     sysbios.aem3 : BIOS.obj (.text:ti_sysbios_family_arm_cc26xx_Timer_getCurrentTick__E)
                  00008eec    00000030     release_pem3.oem3 (.text:ti_sysbios_gates_GateHwi_Object__create__S)
                  00008f1c    00000030     release_pem3.oem3 (.text:ti_sysbios_gates_GateMutex_Object__create__S)
                  00008f4c    00000030     sysbios.aem3 : BIOS.obj (.text:ti_sysbios_gates_GateMutex_enter__E)
                  00008f7c    00000030     release_pem3.oem3 (.text:ti_sysbios_heaps_HeapMem_Object__create__S)
                  00008fac    00000030     sysbios.aem3 : BIOS.obj (.text:ti_sysbios_heaps_HeapMem_free__E)
                  00008fdc    00000030     release_pem3.oem3 (.text:ti_sysbios_knl_Clock_construct)
                  0000900c    00000030     release_pem3.oem3 (.text:ti_sysbios_knl_Semaphore_construct)
                  0000903c    00000030     sysbios.aem3 : BIOS.obj (.text:ti_sysbios_knl_Task_processVitalTaskFlag__I)
                  0000906c    00000030                  : BIOS.obj (.text:xdc_runtime_System_processAtExit__E)
                  0000909c    0000002e     rf_multiMode_cc13x0.aem3 : RFCC26XX_multiMode.oem3 (.text:RF_queueEnd)
                  000090ca    0000002e     rtsv7M3_T_le_eabi.lib : i_tofd_t2.asm.obj (.text)
                  000090f8    0000002e     sysbios.aem3 : BIOS.obj (.text:ti_sysbios_family_arm_m3_TaskSupport_start__E)
                  00009126    0000002e                  : BIOS.obj (.text:ti_sysbios_hal_Hwi_initStack)
                  00009154    0000002c     driverlib.lib : ddi.obj (.text:NOROM_DDI32RegWrite)
                  00009180    0000002c                   : osc.obj (.text:NOROM_OSCClockSourceGet)
                  000091ac    0000002c                   : rfc.obj (.text:NOROM_RFCCpePatchReset)
                  000091d8    0000002c                   : setup_rom.obj (.text:NOROM_SetupGetTrimForRadcExtCfg)
                  00009204    0000002c     rf_multiMode_cc13x0.aem3 : RFCC26XX_multiMode.oem3 (.text:RF_calculateDeltaTimeUs)
                  00009230    0000002c                              : RFCC26XX_multiMode.oem3 (.text:RF_executeDirectImmediateCmd)
                  0000925c    0000002c     dpl_cc13x0.aem3 : SemaphoreP_tirtos.oem3 (.text:SemaphoreP_constructBinary)
                  00009288    0000002c     sysbios.aem3 : BIOS.obj (.text:_pthread_delete$45)
                  000092b4    0000002c                  : BIOS.obj (.text:ti_sysbios_knl_Clock_getTicksUntilInterrupt__E)
                  000092e0    0000002c                  : BIOS.obj (.text:ti_sysbios_knl_Mailbox_postInit__I)
                  0000930c    0000002c     release_pem3.oem3 (.text:ti_sysbios_knl_Queue_construct)
                  00009338    0000002c     sysbios.aem3 : BIOS.obj (.text:ti_sysbios_knl_Semaphore_pendTimeout__I)
                  00009364    0000002c                  : BIOS.obj (.text:xdc_runtime_Text_cordText__E)
                  00009390    0000002a                  : BIOS.obj (.text:ti_sysbios_knl_Clock_getTimeout__E)
                  000093ba    00000002                  : BIOS.obj (.text:ti_sysbios_gates_GateHwi_Instance_init__E)
                  000093bc    00000028     EasyLink.obj (.text:EasyLink_getAbsTime)
                  000093e4    00000028     driverlib.lib : aon_batmon.obj (.text:NOROM_AONBatMonTemperatureGetDegC)
                  0000940c    00000028                   : rfc.obj (.text:NOROM_RFCDoorbellSendTo)
                  00009434    00000028                   : rfc.obj (.text:NOROM_RFCOverrideSearch)
                  0000945c    00000028     drivers_cc13x0.aem3 : PowerCC26XX.oem3 (.text:Power_registerNotify)
                  00009484    00000028     rf_multiMode_cc13x0.aem3 : RFCC26XX_multiMode.oem3 (.text:RF_runCmd)
                  000094ac    00000028     driverlib.lib : adi.obj (.text:SafeHapiVoid)
                  000094d4    00000028     sysbios.aem3 : BIOS.obj (.text:ti_sysbios_knl_Clock_addI__E)
                  000094fc    00000028                  : BIOS.obj (.text:ti_sysbios_knl_Task_restore__E)
                  00009524    00000024     drivers_cc13x0.aem3 : List.oem3 (.text:List_remove)
                  00009548    00000024     rf_multiMode_cc13x0.aem3 : RFCC26XX_multiMode.oem3 (.text:RF_cmdAlloc)
                  0000956c    00000024                              : RFCC26XX_multiMode.oem3 (.text:RF_invokeGlobalCallback)
                  00009590    00000024                              : RFCC26XX_multiMode.oem3 (.text:RF_isStateTransitionAllowed)
                  000095b4    00000024     sysbios.aem3 : BIOS.obj (.text:_pthread_cleanupFxn)
                  000095d8    00000024     release_pem3.oem3 (.text:ti_sysbios_BIOS_registerRTSLock__I)
                  000095fc    00000024     release_pem3.oem3 (.text:ti_sysbios_BIOS_removeRTSLock__I)
                  00009620    00000024     sysbios.aem3 : BIOS.obj (.text:ti_sysbios_family_arm_cc26xx_Timer_Module_startup__E)
                  00009644    00000024                  : BIOS.obj (.text:ti_sysbios_family_arm_cc26xx_Timer_getMaxTicks__E)
                  00009668    00000024                  : BIOS.obj (.text:ti_sysbios_family_arm_cc26xx_Timer_startup__E)
                  0000968c    00000024                  : BIOS.obj (.text:ti_sysbios_family_arm_m3_Timer_Module_startup__E)
                  000096b0    00000024                  : BIOS.obj (.text:ti_sysbios_family_arm_m3_Timer_postInit__I)
                  000096d4    00000024                  : BIOS.obj (.text:ti_sysbios_family_arm_m3_Timer_startup__E)
                  000096f8    00000024     release_pem3.oem3 (.text:ti_sysbios_gates_GateMutex_Object__delete__S)
                  0000971c    00000024     sysbios.aem3 : BIOS.obj (.text:ti_sysbios_knl_Semaphore_Instance_init__E)
                  00009740    00000024                  : BIOS.obj (.text:ti_sysbios_knl_Swi_Module_startup__E)
                  00009764    00000022     drivers_cc13x0.aem3 : List.oem3 (.text:List_get)
                  00009786    00000022                         : List.oem3 (.text:List_insert)
                  000097a8    00000022                         : List.oem3 (.text:List_put)
                  000097ca    00000022                         : List.oem3 (.text:List_putHead)
                  000097ec    00000022     sysbios.aem3 : BIOS.obj (.text:ti_sysbios_family_arm_cc26xx_Timer_postInit__I)
                  0000980e    00000002                  : BIOS.obj (.text:ti_sysbios_knl_Clock_logTick__E)
                  00009810    00000020     driverlib.lib : rfc.obj (.text:NOROM_RFCAdi3VcoLdoVoltageMode)
                  00009830    00000020                   : setup_rom.obj (.text:NOROM_SetupGetTrimForXoscHfCtl)
                  00009850    00000020     drivers_cc13x0.aem3 : PINCC26XX.oem3 (.text:PINCC26XX_setIoCfgMux)
                  00009870    00000020                         : PowerCC26XX.oem3 (.text:Power_unregisterNotify)
                  00009890    00000020     rf_multiMode_cc13x0.aem3 : RFCC26XX_multiMode.oem3 (.text:RF_clkPowerUp)
                  000098b0    00000020                              : RFCC26XX_multiMode.oem3 (.text:RF_hwiCpe0ChangePhy)
                  000098d0    00000020                              : RFCC26XX_multiMode.oem3 (.text:RF_ratIsRunning)
                  000098f0    00000020     drivers_cc13x0.aem3 : UARTCC26XX.oem3 (.text:threadSafeStdbyDisRelease)
                  00009910    00000020                         : UARTCC26XX.oem3 (.text:threadSafeStdbyDisSet)
                  00009930    00000020     release_pem3.oem3 (.text:ti_sysbios_BIOS_rtsLock__I)
                  00009950    00000020     sysbios.aem3 : BIOS.obj (.text:ti_sysbios_family_arm_cc26xx_Timer_dynamicStub__E)
                  00009970    00000020                  : m3_Hwi_asm.obj (.text:ti_sysbios_family_arm_m3_Hwi_excHandlerAsm__I)
                  00009990    00000020                  : BIOS.obj (.text:ti_sysbios_family_arm_m3_Hwi_excHandler__I)
                  000099b0    00000020                  : BIOS.obj (.text:ti_sysbios_family_arm_m3_TimestampProvider_Module_startup__E)
                  000099d0    00000020     release_pem3.oem3 (.text:ti_sysbios_gates_GateHwi_Object__delete__S)
                  000099f0    00000020     release_pem3.oem3 (.text:ti_sysbios_heaps_HeapMem_Object__delete__S)
                  00009a10    00000020     sysbios.aem3 : BIOS.obj (.text:ti_sysbios_knl_Clock_Module_startup__E)
                  00009a30    00000020     release_pem3.oem3 (.text:ti_sysbios_knl_Clock_destruct)
                  00009a50    00000020     sysbios.aem3 : BIOS.obj (.text:ti_sysbios_knl_Clock_getTicks__E)
                  00009a70    00000020                  : BIOS.obj (.text:ti_sysbios_knl_Clock_stop__E)
                  00009a90    00000020                  : BIOS.obj (.text:ti_sysbios_knl_Idle_run__E)
                  00009ab0    00000020     release_pem3.oem3 (.text:ti_sysbios_knl_Semaphore_destruct)
                  00009ad0    00000020     release_pem3.oem3 (.text:ti_sysbios_knl_Task_Object__delete__S)
                  00009af0    00000020     sysbios.aem3 : BIOS.obj (.text:ti_sysbios_knl_Task_restoreHwi__E)
                  00009b10    00000020                  : BIOS.obj (.text:xdc_runtime_Error_policyMin__E)
                  00009b30    0000001e     drivers_cc13x0.aem3 : PINCC26XX.oem3 (.text:PIN_close)
                  00009b4e    0000001e                         : PowerCC26XX.oem3 (.text:Power_getTransitionLatency)
                  00009b6c    0000001e     rf_multiMode_cc13x0.aem3 : RFCC26XX_multiMode.oem3 (.text:RF_preemptClient)
                  00009b8a    0000001e     sysbios.aem3 : m3_Hwi_asm_switch.obj (.text:ti_sysbios_family_xxx_Hwi_switchAndRunFunc)
                  00009ba8    0000001c     CC1310_LAUNCHXL.obj (.text:CC1310_LAUNCHXL_initGeneral)
                  00009bc4    0000001c     driverlib.lib : chipinfo.obj (.text:NOROM_ChipInfo_GetChipFamily)
                  00009be0    0000001c                   : setup_rom.obj (.text:NOROM_SetupGetTrimForAmpcompTh2)
                  00009bfc    0000001c                   : setup_rom.obj (.text:NOROM_SetupGetTrimForRcOscLfRtuneCtuneTrim)
                  00009c18    0000001c     drivers_cc13x0.aem3 : PINCC26XX.oem3 (.text:PIN_hwi)
                  00009c34    0000001c     rf_multiMode_cc13x0.aem3 : RFCC26XX_multiMode.oem3 (.text:RF_clkInactivityCallback)
                  00009c50    0000001c                              : RFCC26XX_multiMode.oem3 (.text:RF_powerConstraintSet)
                  00009c6c    0000001c     smartrf_settings.obj (.text:enterGenfskCpePatch)
                  00009c88    0000001c     smartrf_settings_predefined.obj (.text:enterGenfskCpePatch)
                  00009ca4    0000001c     smartrf_settings_predefined.obj (.text:enterLrmCpePatch)
                  00009cc0    0000001c     smartrf_settings_predefined.obj (.text:enterSlLongrangeCpePatch)
                  00009cdc    0000001c     sysbios.aem3 : BIOS.obj (.text:ti_sysbios_family_arm_m3_Hwi_clearInterrupt__E)
                  00009cf8    0000001c     release_pem3.oem3 (.text:ti_sysbios_family_arm_m3_Hwi_destruct)
                  00009d14    0000001c     sysbios.aem3 : BIOS.obj (.text:ti_sysbios_family_arm_m3_Hwi_setPriority__E)
                  00009d30    0000001c                  : BIOS.obj (.text:ti_sysbios_family_arm_m3_Timer_stop__E)
                  00009d4c    0000001c                  : BIOS.obj (.text:ti_sysbios_gates_GateMutex_Instance_init__E)
                  00009d68    0000001c                  : BIOS.obj (.text:ti_sysbios_knl_Clock_scheduleNextTick__E)
                  00009d84    0000001c     release_pem3.oem3 (.text:ti_sysbios_knl_Queue_destruct)
                  00009da0    0000001c     sysbios.aem3 : BIOS.obj (.text:ti_sysbios_knl_Queue_put__E)
                  00009dbc    0000001c                  : BIOS.obj (.text:ti_sysbios_knl_Swi_construct2__E)
                  00009dd8    0000001c     release_pem3.oem3 (.text:ti_sysbios_knl_Swi_destruct)
                  00009df4    0000001c     sysbios.aem3 : BIOS.obj (.text:ti_sysbios_knl_Task_enter__I)
                  00009e10    0000001c                  : BIOS.obj (.text:xdc_runtime_Error_check__E)
                  00009e2c    0000001c                  : BIOS.obj (.text:xdc_runtime_Error_raiseX__E)
                  00009e48    0000001c                  : BIOS.obj (.text:xdc_runtime_Memory_valloc__E)
                  00009e64    0000001c                  : BIOS.obj (.text:xdc_runtime_System_abort__E)
                  00009e80    0000001a                  : m3_Hwi_asm.obj (.text:ti_sysbios_family_arm_m3_Hwi_pendSV__I)
                  00009e9a    00000018     EasyLink.obj (.text:ChipInfo_ChipFamilyIs_CC13x2_CC26x2)
                  00009eb2    00000018     EasyLink.obj (.text:ChipInfo_ChipFamilyIs_CC26x0R2)
                  00009eca    00000002     sysbios.aem3 : BIOS.obj (.text:ti_sysbios_knl_Clock_triggerFunc__I)
                  00009ecc    00000018     driverlib.lib : aon_rtc.obj (.text:NOROM_AONRTCCurrentCompareValueGet)
                  00009ee4    00000018                   : chipinfo.obj (.text:NOROM_ChipInfo_GetPackageType)
                  00009efc    00000018                   : osc.obj (.text:NOROM_OSCHF_TurnOnXosc)
                  00009f14    00000018                   : rfc.obj (.text:NOROM_RFCCpeIntGetAndClear)
                  00009f2c    00000018                   : setup_rom.obj (.text:NOROM_SetupGetTrimForAdcShModeEn)
                  00009f44    00000018                   : setup_rom.obj (.text:NOROM_SetupGetTrimForAdcShVbufEn)
                  00009f5c    00000018                   : setup_rom.obj (.text:NOROM_SetupGetTrimForAmpcompTh1)
                  00009f74    00000018                   : setup_rom.obj (.text:NOROM_SetupGetTrimForDblrLoopFilterResetVoltage)
                  00009f8c    00000018                   : setup_rom.obj (.text:NOROM_SetupGetTrimForRcOscLfIBiasTrim)
                  00009fa4    00000018                   : setup_rom.obj (.text:NOROM_SetupGetTrimForXoscLfRegulatorAndCmirrwrRatio)
                  00009fbc    00000018     dpl_cc13x0.aem3 : PowerCC26XX_tirtos.oem3 (.text:PowerCC26XX_schedulerDisable)
                  00009fd4    00000018                     : PowerCC26XX_tirtos.oem3 (.text:PowerCC26XX_schedulerRestore)
                  00009fec    00000018     drivers_cc13x0.aem3 : PowerCC26XX.oem3 (.text:Power_idleFunc)
                  0000a004    00000018     rf_multiMode_cc13x0.aem3 : RFCC26XX_multiMode.oem3 (.text:RF_swiFsm)
                  0000a01c    00000018     drivers_cc13x0.aem3 : UART.oem3 (.text:UART_Params_init)
                  0000a034    00000018     rtsv7M3_T_le_eabi.lib : args_main.c.obj (.text:_args_main)
                  0000a04c    00000018                           : ll_mul_t2.asm.obj (.text)
                  0000a064    00000018     release_pem3.oem3 (.text:ti_sysbios_BIOS_rtsUnlock__I)
                  0000a07c    00000018     release_pem3.oem3 (.text:ti_sysbios_family_arm_cc26xx_Timer_Module__startupDone__F)
                  0000a094    00000018     release_pem3.oem3 (.text:ti_sysbios_family_arm_m3_Hwi_Module__startupDone__F)
                  0000a0ac    00000018     sysbios.aem3 : BIOS.obj (.text:ti_sysbios_family_arm_m3_Hwi_plug__E)
                  0000a0c4    00000018     release_pem3.oem3 (.text:ti_sysbios_gates_GateHwi_Handle__label__S)
                  0000a0dc    00000018     release_pem3.oem3 (.text:ti_sysbios_gates_GateMutex_Handle__label__S)
                  0000a0f4    00000018     sysbios.aem3 : BIOS.obj (.text:ti_sysbios_gates_GateMutex_leave__E)
                  0000a10c    00000018     release_pem3.oem3 (.text:ti_sysbios_heaps_HeapMem_Handle__label__S)
                  0000a124    00000018     sysbios.aem3 : BIOS.obj (.text:ti_sysbios_knl_Swi_or__E)
                  0000a13c    00000018                  : BIOS.obj (.text:ti_sysbios_knl_Task_unblock__E)
                  0000a154    00000018                  : BIOS.obj (.text:ti_sysbios_rts_ti_ReentSupport_getReent__F)
                  0000a16c    00000018     release_pem3.oem3 (.text:ti_sysbios_rts_ti_ReentSupport_getTlsAddr__I)
                  0000a184    00000018     sysbios.aem3 : BIOS.obj (.text:xdc_runtime_Error_init__E)
                  0000a19c    00000018                  : BIOS.obj (.text:xdc_runtime_System_exit__E)
                  0000a1b4    00000018                  : BIOS.obj (.text:xdc_runtime_Text_ropeText__E)
                  0000a1cc    00000016     EasyLink.obj (.text:ChipInfo_ChipFamilyIs_CC26x0)
                  0000a1e2    00000016     driverlib.lib : chipinfo.obj (.text:NOROM_ThisLibraryIsFor_CC13x0_HwRev20AndLater_HaltIfViolated)
                  0000a1f8    00000016     rf_multiMode_cc13x0.aem3 : RFCC26XX_multiMode.oem3 (.text:RF_restartClockTimeout)
                  0000a20e    00000016     release_pem3.oem3 (.text:ti_sysbios_BIOS_exitFunc__I)
                  0000a224    00000016     sysbios.aem3 : BIOS.obj (.text:ti_sysbios_knl_Clock_Instance_finalize__E)
                  0000a23a    00000016                  : BIOS.obj (.text:ti_sysbios_knl_Clock_start__E)
                  0000a250    00000016     EasyLink.obj (.text:ti_sysbios_knl_Semaphore_Params_init)
                  0000a266    00000016     rfEasyLinkEchoRx.obj (.text:ti_sysbios_knl_Semaphore_Params_init)
                  0000a27c    00000016     rfEasyLinkEchoRx.obj (.text:ti_sysbios_knl_Task_Params_init)
                  0000a292    00000002     sysbios.aem3 : BIOS.obj (.text:ti_sysbios_knl_Swi_Instance_finalize__E)
                  0000a294    00000014     EasyLink.obj (.text:EasyLink_Params_init)
                  0000a2a8    00000014     drivers_cc13x0.aem3 : List.oem3 (.text:List_clearList)
                  0000a2bc    00000014     driverlib.lib : aon_rtc.obj (.text:NOROM_AONRTCCurrent64BitValueGet)
                  0000a2d0    00000014     drivers_cc13x0.aem3 : PINCC26XX.oem3 (.text:PINCC26XX_getOutputValue)
                  0000a2e4    00000014     rf_multiMode_cc13x0.aem3 : RFCC26XX_multiMode.oem3 (.text:RF_Params_init)
                  0000a2f8    00000014                              : RFCC26XX_multiMode.oem3 (.text:RF_dbellSyncOnAck)
                  0000a30c    00000014                              : RFCC26XX_multiMode.oem3 (.text:RF_ratGetChannel)
                  0000a320    00000014                              : RFCC26XX_multiMode.oem3 (.text:RF_schResolveConflict)
                  0000a334    00000014     drivers_cc13x0.aem3 : PowerCC26XX.oem3 (.text:configureRFCoreClocks)
                  0000a348    00000014     release_pem3.oem3 (.text:ti_sysbios_family_arm_m3_Hwi_Object__get__S)
                  0000a35c    00000014     sysbios.aem3 : BIOS.obj (.text:ti_sysbios_family_arm_m3_Hwi_switchFromBootStack__E)
                  0000a370    00000014     release_pem3.oem3 (.text:ti_sysbios_heaps_HeapMem_Object__get__S)
                  0000a384    00000014     release_pem3.oem3 (.text:ti_sysbios_knl_Clock_doTick__I)
                  0000a398    00000014     release_pem3.oem3 (.text:ti_sysbios_knl_Swi_Object__get__S)
                  0000a3ac    00000012     drivers_cc13x0.aem3 : RingBuf.oem3 (.text:RingBuf_construct)
                  0000a3be    00000012     dpl_cc13x0.aem3 : SemaphoreP_tirtos.oem3 (.text:SemaphoreP_pend)
                  0000a3d0    00000012     sysbios.aem3 : BIOS.obj (.text:ti_sysbios_hal_Hwi_Module_startup__E)
                  0000a3e2    00000012     release_pem3.oem3 (.text:xdc_runtime_Startup_exec__I)
                  0000a3f4    00000010     dpl_cc13x0.aem3 : ClockP_tirtos.oem3 (.text:ClockP_isActive)
                  0000a404    00000010                     : HwiP_tirtos.oem3 (.text:HwiP_Params_init)
                  0000a414    00000010     driverlib.lib : rfc.obj (.text:NOROM_RFCHwIntGetAndClear)
                  0000a424    00000010                   : rfc.obj (.text:NOROM_RFCRfTrimSet)
                  0000a434    00000010                   : setup_rom.obj (.text:NOROM_SetupGetTrimForXoscHfFastStart)
                  0000a444    00000010                   : setup_rom.obj (.text:NOROM_SetupGetTrimForXoscHfIbiastherm)
                  0000a454    00000010     drivers_cc13x0.aem3 : PINCC26XX.oem3 (.text:PINCC26XX_getPinCount)
                  0000a464    00000010     rf_multiMode_cc13x0.aem3 : RFCC26XX_multiMode.oem3 (.text:RF_dbellSubmitCmdAsync)
                  0000a474    00000010                              : RFCC26XX_multiMode.oem3 (.text:RF_isClientOwner)
                  0000a484    00000010     dpl_cc13x0.aem3 : SwiP_tirtos.oem3 (.text:SwiP_Params_init)
                  0000a494    00000010     smartrf_settings.obj (.text:applyGenfskPatch)
                  0000a4a4    00000010     smartrf_settings_predefined.obj (.text:applyGenfskPatch)
                  0000a4b4    00000010     smartrf_settings_predefined.obj (.text:applyLrmPatch)
                  0000a4c4    00000010     smartrf_settings_predefined.obj (.text:applySlLongrangePatch)
                  0000a4d4    00000010     sysbios.aem3 : BIOS.obj (.text:ti_sysbios_BIOS_exit__E)
                  0000a4e4    00000010                  : BIOS.obj (.text:ti_sysbios_BIOS_getCpuFreq__E)
                  0000a4f4    00000010                  : BIOS.obj (.text:ti_sysbios_BIOS_setThreadType__E)
                  0000a504    00000010                  : BIOS.obj (.text:ti_sysbios_BIOS_start__E)
                  0000a514    00000010                  : BIOS.obj (.text:ti_sysbios_family_arm_m3_Hwi_post__E)
                  0000a524    00000010                  : m3_TaskSupport_asm.obj (.text:ti_sysbios_family_arm_m3_TaskSupport_glue)
                  0000a534    00000010                  : m3_TaskSupport_asm.obj (.text:ti_sysbios_family_arm_m3_TaskSupport_swap__E)
                  0000a544    00000010                  : BIOS.obj (.text:ti_sysbios_gates_GateMutex_Instance_finalize__E)
                  0000a554    00000010     release_pem3.oem3 (.text:ti_sysbios_knl_Mailbox_Object__get__S)
                  0000a564    00000010     sysbios.aem3 : BIOS.obj (.text:ti_sysbios_knl_Semaphore_Instance_finalize__E)
                  0000a574    00000010                  : BIOS.obj (.text:ti_sysbios_knl_Swi_disable__E)
                  0000a584    00000010                  : BIOS.obj (.text:ti_sysbios_knl_Swi_enabled__E)
                  0000a594    00000010     release_pem3.oem3 (.text:ti_sysbios_knl_Task_Object__get__S)
                  0000a5a4    00000010     sysbios.aem3 : BIOS.obj (.text:ti_sysbios_knl_Task_disable__E)
                  0000a5b4    00000010     drivers_cc13x0.aem3 : UARTCC26XX.oem3 (.text:uartPostNotify)
                  0000a5c4    00000010     sysbios.aem3 : BIOS.obj (.text:xdc_runtime_Gate_leaveSystem__E)
                  0000a5d4    00000010                  : BIOS.obj (.text:xdc_runtime_Memory_free__E)
                  0000a5e4    00000010                  : BIOS.obj (.text:xdc_runtime_SysCallback_abort__E)
                  0000a5f4    00000010                  : BIOS.obj (.text:xdc_runtime_SysCallback_exit__E)
                  0000a604    0000000e     driverlib.lib : vims.obj (.text:NOROM_VIMSModeGet)
                  0000a612    0000000e     rf_multiMode_cc13x0.aem3 : RFCC26XX_multiMode.oem3 (.text:RF_getSwitchingTimeInUs)
                  0000a620    0000000e     rtsv7M3_T_le_eabi.lib : copy_decompress_none.c.obj (.text:decompress:none:__TI_decompress_none)
                  0000a62e    0000000e     sysbios.aem3 : BIOS.obj (.text:ti_sysbios_heaps_HeapMem_restore__E)
                  0000a63c    0000000e                  : BIOS.obj (.text:ti_sysbios_knl_Queue_empty__E)
                  0000a64a    0000000e                  : BIOS.obj (.text:ti_sysbios_knl_Queue_remove__E)
                  0000a658    0000000c     driverlib.lib : cpu.obj (.text:NOROM_CPUcpsid)
                  0000a664    0000000c                   : cpu.obj (.text:NOROM_CPUcpsie)
                  0000a670    0000000c                   : osc.obj (.text:NOROM_OSC_HPOSCRelativeFrequencyOffsetToRFCoreFormatConvert)
                  0000a67c    0000000c     drivers_cc13x0.aem3 : PowerCC26XX.oem3 (.text:Power_getConstraintMask)
                  0000a688    0000000c                         : PowerCC26XX.oem3 (.text:Power_getDependencyCount)
                  0000a694    0000000c     rf_multiMode_cc13x0.aem3 : RFCC26XX_multiMode.oem3 (.text:RF_powerConstraintGet)
                  0000a6a0    0000000c     rtsv7M3_T_le_eabi.lib : _lock.c.obj (.text:_register_lock)
                  0000a6ac    0000000c                           : _lock.c.obj (.text:_register_unlock)
                  0000a6b8    0000000c                           : s_copysign.c.obj (.text:copysign)
                  0000a6c4    0000000c                           : copy_zero_init.c.obj (.text:decompress:ZI:__TI_zero_init)
                  0000a6d0    0000000c     sysbios.aem3 : BIOS.obj (.text:ti_sysbios_BIOS_getThreadType__E)
                  0000a6dc    0000000c     release_pem3.oem3 (.text:ti_sysbios_family_arm_m3_Hwi_Params__init__S)
                  0000a6e8    0000000c     sysbios.aem3 : BIOS.obj (.text:ti_sysbios_family_arm_m3_Hwi_disableFxn__E)
                  0000a6f4    0000000c                  : BIOS.obj (.text:ti_sysbios_family_arm_m3_TaskSupport_getStackAlignment__E)
                  0000a700    0000000c                  : BIOS.obj (.text:ti_sysbios_family_arm_m3_Timer_getHandle__E)
                  0000a70c    0000000c                  : BIOS.obj (.text:ti_sysbios_family_arm_m3_TimestampProvider_startTimer__E)
                  0000a718    0000000c                  : BIOS.obj (.text:ti_sysbios_gates_GateHwi_enter__E)
                  0000a724    0000000c     release_pem3.oem3 (.text:ti_sysbios_knl_Clock_Params__init__S)
                  0000a730    0000000c     release_pem3.oem3 (.text:ti_sysbios_knl_Queue_Object__get__S)
                  0000a73c    0000000c     sysbios.aem3 : BIOS.obj (.text:ti_sysbios_knl_Queue_dequeue__E)
                  0000a748    0000000c                  : BIOS.obj (.text:ti_sysbios_knl_Queue_enqueue__E)
                  0000a754    0000000c     release_pem3.oem3 (.text:ti_sysbios_knl_Semaphore_Params__init__S)
                  0000a760    0000000c     release_pem3.oem3 (.text:ti_sysbios_knl_Swi_Params__init__S)
                  0000a76c    0000000c     sysbios.aem3 : BIOS.obj (.text:ti_sysbios_knl_Swi_getTrigger__E)
                  0000a778    0000000c     release_pem3.oem3 (.text:ti_sysbios_knl_Task_Params__init__S)
                  0000a784    0000000c     sysbios.aem3 : BIOS.obj (.text:ti_sysbios_knl_Task_self__E)
                  0000a790    0000000c                  : BIOS.obj (.text:ti_sysbios_rts_ti_ReentSupport_taskRegHook__I)
                  0000a79c    0000000c                  : BIOS.obj (.text:xdc_runtime_Gate_enterSystem__E)
                  0000a7a8    0000000c                  : BIOS.obj (.text:xdc_runtime_Memory_calloc__E)
                  0000a7b4    0000000c                  : BIOS.obj (.text:xdc_runtime_Memory_getMaxDefaultTypeAlign__E)
                  0000a7c0    0000000c                  : BIOS.obj (.text:xdc_runtime_Startup_rtsDone__E)
                  0000a7cc    0000000a     dpl_cc13x0.aem3 : ClockP_tirtos.oem3 (.text:ClockP_Params_init)
                  0000a7d6    0000000a     release_pem3.oem3 (.text:xdc_runtime_IHeap_alloc)
                  0000a7e0    0000000a     release_pem3.oem3 (.text:xdc_runtime_IHeap_free)
                  0000a7ea    00000008     CC1310_LAUNCHXL.obj (.text:Board_init)
                  0000a7f2    00000008     CC1310_LAUNCHXL_fxns.obj (.text:Board_initHook)
                  0000a7fa    00000008     drivers_cc13x0.aem3 : UARTCC26XX.oem3 (.text:UARTCC26XX_init)
                  0000a802    00000008                         : UARTCC26XX.oem3 (.text:readSemCallback)
                  0000a80a    00000008     smartrf_settings.obj (.text:rf_patch_cpe_genfsk)
                  0000a812    00000008     smartrf_settings_predefined.obj (.text:rf_patch_cpe_genfsk)
                  0000a81a    00000008     smartrf_settings_predefined.obj (.text:rf_patch_cpe_lrm)
                  0000a822    00000008     smartrf_settings_predefined.obj (.text:rf_patch_cpe_sl_longrange)
                  0000a82a    00000008     sysbios.aem3 : BIOS.obj (.text:ti_sysbios_family_arm_m3_Hwi_doSwiRestore__I)
                  0000a832    00000008                  : BIOS.obj (.text:ti_sysbios_family_arm_m3_Hwi_startup__E)
                  0000a83a    00000008                  : BIOS.obj (.text:ti_sysbios_knl_Idle_loop__E)
                  0000a842    00000008     drivers_cc13x0.aem3 : UARTCC26XX.oem3 (.text:writeSemCallback)
                  0000a84a    00000006     driverlib.lib : cpu.obj (.text:NOROM_CPUdelay)
                  0000a850    00000006     rf_multiMode_cc13x0.aem3 : RFCC26XX_multiMode.oem3 (.text:RF_clkReqAccess)
                  0000a856    00000006     drivers_cc13x0.aem3 : UARTCC26XX.oem3 (.text:UARTCC26XX_readPolling)
                  0000a85c    00000006                         : UARTCC26XX.oem3 (.text:UARTCC26XX_writePolling)
                  0000a862    00000006     sysbios.aem3 : BIOS.obj (.text:ti_sysbios_family_arm_m3_Hwi_doTaskRestore__I)
                  0000a868    00000006                  : BIOS.obj (.text:ti_sysbios_family_arm_m3_Hwi_restoreFxn__E)
                  0000a86e    00000006                  : BIOS.obj (.text:ti_sysbios_family_arm_m3_Hwi_setFunc__E)
                  0000a874    00000006                  : BIOS.obj (.text:ti_sysbios_gates_GateHwi_leave__E)
                  0000a87a    00000006                  : BIOS.obj (.text:ti_sysbios_heaps_HeapMem_isBlocking__E)
                  0000a880    00000006                  : BIOS.obj (.text:ti_sysbios_knl_Queue_Instance_init__E)
                  0000a886    00000006                  : BIOS.obj (.text:ti_sysbios_knl_Queue_elemClear__E)
                  0000a88c    00000006                  : BIOS.obj (.text:ti_sysbios_knl_Swi_startup__E)
                  0000a892    00000006                  : BIOS.obj (.text:xdc_runtime_System_Module_startup__E)
                  0000a898    00000004     dpl_cc13x0.aem3 : PowerCC26XX_tirtos.oem3 (.text:CPUwfi)
                  0000a89c    00000004                     : ClockP_tirtos.oem3 (.text:ClockP_destruct)
                  0000a8a0    00000004                     : ClockP_tirtos.oem3 (.text:ClockP_getCpuFreq)
                  0000a8a4    00000004                     : ClockP_tirtos.oem3 (.text:ClockP_getTimeout)
                  0000a8a8    00000004                     : ClockP_tirtos.oem3 (.text:ClockP_setTimeout)
                  0000a8ac    00000004                     : ClockP_tirtos.oem3 (.text:ClockP_start)
                  0000a8b0    00000004                     : ClockP_tirtos.oem3 (.text:ClockP_stop)
                  0000a8b4    00000004                     : HwiP_tirtos.oem3 (.text:HwiP_destruct)
                  0000a8b8    00000004                     : HwiP_tirtos.oem3 (.text:HwiP_disable)
                  0000a8bc    00000004                     : HwiP_tirtos.oem3 (.text:HwiP_enableInterrupt)
                  0000a8c0    00000004                     : HwiP_tirtos.oem3 (.text:HwiP_post)
                  0000a8c4    00000004                     : HwiP_tirtos.oem3 (.text:HwiP_setFunc)
                  0000a8c8    00000004     driverlib.lib : rfc.obj (.text:NOROM_RFCOverrideUpdate)
                  0000a8cc    00000004     drivers_cc13x0.aem3 : PowerCC26XX.oem3 (.text:PowerCC26XX_switchXOSC_HF)
                  0000a8d0    00000004     dpl_cc13x0.aem3 : SemaphoreP_tirtos.oem3 (.text:SemaphoreP_destruct)
                  0000a8d4    00000004                     : SemaphoreP_tirtos.oem3 (.text:SemaphoreP_post)
                  0000a8d8    00000004                     : SwiP_tirtos.oem3 (.text:SwiP_destruct)
                  0000a8dc    00000004                     : SwiP_tirtos.oem3 (.text:SwiP_disable)
                  0000a8e0    00000004                     : SwiP_tirtos.oem3 (.text:SwiP_getTrigger)
                  0000a8e4    00000004                     : SwiP_tirtos.oem3 (.text:SwiP_or)
                  0000a8e8    00000004     sysbios.aem3 : BIOS.obj (.text:__aeabi_errno_addr)
                  0000a8ec    00000004     drivers_cc13x0.aem3 : PowerCC26XX.oem3 (.text:nopResourceHandler)
                  0000a8f0    00000004     release_pem3.oem3 (.text:ti_sysbios_BIOS_RtsGateProxy_enter__E)
                  0000a8f4    00000004     release_pem3.oem3 (.text:ti_sysbios_BIOS_RtsGateProxy_leave__E)
                  0000a8f8    00000004     sysbios.aem3 : BIOS.obj (.text:ti_sysbios_family_arm_cc26xx_Timer_getCount64__E)
                  0000a8fc    00000004                  : BIOS.obj (.text:ti_sysbios_family_arm_cc26xx_Timer_setPeriod__E)
                  0000a900    00000004     release_pem3.oem3 (.text:ti_sysbios_family_arm_m3_TaskSupport_Module__startupDone__S)
                  0000a904    00000004     sysbios.aem3 : BIOS.obj (.text:ti_sysbios_gates_GateHwi_query__E)
                  0000a908    00000004                  : BIOS.obj (.text:ti_sysbios_gates_GateMutex_query__E)
                  0000a90c    00000004     release_pem3.oem3 (.text:ti_sysbios_heaps_HeapMem_Module_GateProxy_enter__E)
                  0000a910    00000004     release_pem3.oem3 (.text:ti_sysbios_heaps_HeapMem_Module_GateProxy_leave__E)
                  0000a914    00000004     release_pem3.oem3 (.text:ti_sysbios_knl_Clock_TimerProxy_getCurrentTick__E)
                  0000a918    00000004     release_pem3.oem3 (.text:ti_sysbios_knl_Clock_TimerProxy_getMaxTicks__E)
                  0000a91c    00000004     release_pem3.oem3 (.text:ti_sysbios_knl_Clock_TimerProxy_setNextTick__E)
                  0000a920    00000004     sysbios.aem3 : BIOS.obj (.text:ti_sysbios_knl_Clock_isActive__E)
                  0000a924    00000004                  : BIOS.obj (.text:ti_sysbios_knl_Clock_removeI__E)
                  0000a928    00000004                  : BIOS.obj (.text:ti_sysbios_knl_Clock_setTimeout__E)
                  0000a92c    00000004                  : BIOS.obj (.text:ti_sysbios_knl_Queue_head__E)
                  0000a930    00000004                  : BIOS.obj (.text:ti_sysbios_knl_Queue_next__E)
                  0000a934    00000004                  : BIOS.obj (.text:ti_sysbios_knl_Swi_postInit__I)
                  0000a938    00000004     release_pem3.oem3 (.text:ti_sysbios_knl_Task_delete)
                  0000a93c    00000004     sysbios.aem3 : BIOS.obj (.text:ti_sysbios_knl_Task_startup__E)
                  0000a940    00000004     release_pem3.oem3 (.text:xdc_runtime_System_Module_GateProxy_enter__E)
                  0000a944    00000004     release_pem3.oem3 (.text:xdc_runtime_System_Module_GateProxy_leave__E)
                  0000a948    00000002     sysbios.aem3 : BIOS.obj (.text:xdc_runtime_SysCallback_defaultAbort)
                  0000a94a    00000002                  : BIOS.obj (.text:xdc_runtime_SysCallback_defaultExit)
                  0000a94c    00000002                  : BIOS.obj (.text:xdc_runtime_System_abortSpin__E)
                  0000a94e    00000002                  : BIOS.obj (.text:xdc_runtime_System_exitSpin__E)

.const     0    0000a950    000035a5     
                  0000a950    000006b4     smartrf_settings.obj (.const:patchGenfskRfe)
                  0000b004    000006b4     smartrf_settings_predefined.obj (.const:patchGenfskRfe)
                  0000b6b8    000006b4     smartrf_settings_predefined.obj (.const:patchLrmRfe)
                  0000bd6c    000006b4     smartrf_settings_predefined.obj (.const:patchSl_longrangeRfe)
                  0000c420    00000408     smartrf_settings.obj (.const:patchImageGenfsk)
                  0000c828    00000408     smartrf_settings_predefined.obj (.const:patchImageGenfsk)
                  0000cc30    00000408     smartrf_settings_predefined.obj (.const:patchImageLrm)
                  0000d038    00000408     smartrf_settings_predefined.obj (.const:patchImageSlLongrange)
                  0000d440    00000400     smartrf_settings_predefined.obj (.const:patchSl_longrangeMce)
                  0000d840    0000004c     drivers_cc13x0.aem3 : PowerCC26XX.oem3 (.const:resourceDB)
                  0000d88c    00000048     release_pem3.oem3 (.const:.string)
                  0000d8d4    00000044     drivers_cc13x0.aem3 : UARTCC26XX.oem3 (.const:$O1$$)
                  0000d918    0000003c     release_pem3.oem3 (.const:ti_sysbios_knl_Task_Object__PARAMS__C)
                  0000d954    00000004     release_pem3.oem3 (.const:ti_sysbios_family_arm_cc26xx_Timer_funcHookCH1__C)
                  0000d958    00000030     rtsv7M3_T_le_eabi.lib : e_pow.c.obj (.const:$O1$$)
                  0000d988    00000030     release_pem3.oem3 (.const:ti_sysbios_family_arm_m3_Hwi_Object__PARAMS__C)
                  0000d9b8    0000002c     CC1310_LAUNCHXL.obj (.const:BoardGpioInitTable)
                  0000d9e4    00000028     drivers_cc13x0.aem3 : UARTCC26XX.oem3 (.const:UARTCC26XX_fxnTable)
                  0000da0c    00000028     release_pem3.oem3 (.const:ti_sysbios_heaps_HeapMem_Module__FXNS__C)
                  0000da34    00000028     release_pem3.oem3 (.const:ti_sysbios_knl_Swi_Object__PARAMS__C)
                  0000da5c    00000028     CC1310_LAUNCHXL.obj (.const:uartCC26XXHWAttrs)
                  0000da84    00000028     release_pem3.oem3 (.const:xdc_runtime_Startup_sfxnTab__A)
                  0000daac    00000024     drivers_cc13x0.aem3 : UART.oem3 (.const:UART_defaultParams)
                  0000dad0    00000024     release_pem3.oem3 (.const:ti_sysbios_gates_GateHwi_Module__FXNS__C)
                  0000daf4    00000024     release_pem3.oem3 (.const:ti_sysbios_gates_GateMutex_Module__FXNS__C)
                  0000db18    00000024     release_pem3.oem3 (.const:ti_sysbios_heaps_HeapMem_Object__PARAMS__C)
                  0000db3c    00000024     release_pem3.oem3 (.const:ti_sysbios_knl_Clock_Object__PARAMS__C)
                  0000db60    00000024     release_pem3.oem3 (.const:ti_sysbios_knl_Semaphore_Object__PARAMS__C)
                  0000db84    00000020     release_pem3.oem3 (.const:ti_sysbios_family_arm_m3_Hwi_Object__DESC__C)
                  0000dba4    00000020     release_pem3.oem3 (.const:ti_sysbios_gates_GateHwi_Object__DESC__C)
                  0000dbc4    00000020     release_pem3.oem3 (.const:ti_sysbios_gates_GateMutex_Object__DESC__C)
                  0000dbe4    00000020     release_pem3.oem3 (.const:ti_sysbios_heaps_HeapMem_Object__DESC__C)
                  0000dc04    00000020     release_pem3.oem3 (.const:ti_sysbios_knl_Clock_Object__DESC__C)
                  0000dc24    00000020     release_pem3.oem3 (.const:ti_sysbios_knl_Queue_Object__DESC__C)
                  0000dc44    00000020     release_pem3.oem3 (.const:ti_sysbios_knl_Semaphore_Object__DESC__C)
                  0000dc64    00000020     release_pem3.oem3 (.const:ti_sysbios_knl_Swi_Object__DESC__C)
                  0000dc84    00000020     release_pem3.oem3 (.const:ti_sysbios_knl_Task_Object__DESC__C)
                  0000dca4    0000001c     rf_multiMode_cc13x0.aem3 : RFCC26XX_multiMode.oem3 (.const:RF_defaultParams)
                  0000dcc0    00000018     CC1310_LAUNCHXL.obj (.const:PowerCC26XX_config)
                  0000dcd8    00000018     driverlib.lib : rfc.obj (.const:rfc_defaultIrqAddr)
                  0000dcf0    00000018     release_pem3.oem3 (.const:ti_sysbios_gates_GateHwi_Object__PARAMS__C)
                  0000dd08    00000018     release_pem3.oem3 (.const:ti_sysbios_gates_GateMutex_Object__PARAMS__C)
                  0000dd20    00000018     release_pem3.oem3 (.const:ti_sysbios_knl_Queue_Object__PARAMS__C)
                  0000dd38    00000018     release_pem3.oem3 (.const:ti_sysbios_knl_Task_hooks__A)
                  0000dd50    00000014     CC1310_LAUNCHXL_fxns.obj (.const:$P$T1$2)
                  0000dd64    00000014     release_pem3.oem3 (.const:xdc_runtime_Startup_sfxnRts__A)
                  0000dd78    00000012     CC1310_LAUNCHXL.obj (.const)
                  0000dd8a    00000002     release_pem3.oem3 (.const:ti_sysbios_family_arm_m3_Hwi_Module__id__C)
                  0000dd8c    00000010     EasyLink.obj (.const:EasyLink_defaultParams)
                  0000dd9c    0000000c     CC1310_LAUNCHXL.obj (.const:RFCC26XX_hwAttrs)
                  0000dda8    0000000c     CC1310_LAUNCHXL.obj (.const:UART_config)
                  0000ddb4    0000000c     release_pem3.oem3 (.const:xdc_runtime_Startup_firstFxns__A)
                  0000ddc0    00000008     CC1310_LAUNCHXL_fxns.obj (.const:$P$T0$1)
                  0000ddc8    00000008     CC1310_LAUNCHXL.obj (.const:PINCC26XX_hwAttrs)
                  0000ddd0    00000008     release_pem3.oem3 (.const:ti_sysbios_knl_Idle_funcList__A)
                  0000ddd8    00000008     release_pem3.oem3 (.const:ti_sysbios_knl_Idle_funcList__C)
                  0000dde0    00000008     release_pem3.oem3 (.const:ti_sysbios_knl_Task_hooks__C)
                  0000dde8    00000008     release_pem3.oem3 (.const:xdc_runtime_Startup_firstFxns__C)
[...]
0000a8cd  PowerCC26XX_switchXOSC_HF                                       
0000a8d1  SemaphoreP_destruct                                             
0000a8d5  SemaphoreP_post                                                 
0000a8d9  SwiP_destruct                                                   
0000a8dd  SwiP_disable                                                    
0000a8e1  SwiP_getTrigger                                                 
0000a8e5  SwiP_or                                                         
0000a8e9  __aeabi_errno_addr                                              
0000a8f1  ti_sysbios_BIOS_RtsGateProxy_enter__E                           
0000a8f5  ti_sysbios_BIOS_RtsGateProxy_leave__E                           
0000a8f9  ti_sysbios_family_arm_cc26xx_Timer_getCount64__E                
0000a8fd  ti_sysbios_family_arm_cc26xx_Timer_setPeriod__E                 
0000a901  ti_sysbios_family_arm_m3_TaskSupport_Module__startupDone__S     
0000a901  ti_sysbios_knl_Task_SupportProxy_Module__startupDone__S         
0000a905  ti_sysbios_gates_GateHwi_query__E                               
0000a905  xdc_runtime_Main_Module_GateProxy_query__E                      
0000a905  xdc_runtime_System_Module_GateProxy_query__E                    
0000a909  ti_sysbios_BIOS_RtsGateProxy_query__E                           
0000a909  ti_sysbios_gates_GateMutex_query__E                             
0000a909  ti_sysbios_heaps_HeapMem_Module_GateProxy_query__E              
0000a90d  ti_sysbios_heaps_HeapMem_Module_GateProxy_enter__E              
0000a911  ti_sysbios_heaps_HeapMem_Module_GateProxy_leave__E              
0000a915  ti_sysbios_knl_Clock_TimerProxy_getCurrentTick__E               
0000a919  ti_sysbios_knl_Clock_TimerProxy_getMaxTicks__E                  
0000a91d  ti_sysbios_knl_Clock_TimerProxy_setNextTick__E                  
0000a921  ti_sysbios_knl_Clock_isActive__E                                
0000a925  ti_sysbios_knl_Clock_removeI__E                                 
0000a929  ti_sysbios_knl_Clock_setTimeout__E                              
0000a92d  ti_sysbios_knl_Queue_head__E                                    
0000a931  ti_sysbios_knl_Queue_next__E                                    
0000a935  ti_sysbios_knl_Swi_postInit__I                                  
0000a939  ti_sysbios_knl_Task_delete                                      
0000a93d  ti_sysbios_knl_Task_startup__E                                  
0000a941  xdc_runtime_System_Module_GateProxy_enter__E                    
0000a945  xdc_runtime_System_Module_GateProxy_leave__E                    
0000a949  xdc_runtime_SysCallback_defaultAbort                            
0000a94b  xdc_runtime_SysCallback_defaultExit                             
0000a94d  xdc_runtime_System_abortSpin__E                                 
0000a94f  xdc_runtime_System_exitSpin__E                                  
0000d840  resourceDB                                                      
0000d918  ti_sysbios_knl_Task_Object__PARAMS__C                           
0000d954  ti_sysbios_family_arm_cc26xx_Timer_funcHookCH1__C               
0000d988  ti_sysbios_family_arm_m3_Hwi_Object__PARAMS__C                  
0000d9b8  BoardGpioInitTable                                              
0000d9e4  UARTCC26XX_fxnTable                                             
0000da0c  ti_sysbios_heaps_HeapMem_Module__FXNS__C                        
0000da34  ti_sysbios_knl_Swi_Object__PARAMS__C                            
0000da5c  uartCC26XXHWAttrs                                               
0000da84  xdc_runtime_Startup_sfxnTab__A                                  
0000daac  UART_defaultParams                                              
0000dad0  ti_sysbios_gates_GateHwi_Module__FXNS__C                        
0000daf4  ti_sysbios_gates_GateMutex_Module__FXNS__C                      
0000db18  ti_sysbios_heaps_HeapMem_Object__PARAMS__C                      
0000db3c  ti_sysbios_knl_Clock_Object__PARAMS__C                          
0000db60  ti_sysbios_knl_Semaphore_Object__PARAMS__C                      
0000db84  ti_sysbios_family_arm_m3_Hwi_Object__DESC__C                    
0000dba4  ti_sysbios_gates_GateHwi_Object__DESC__C                        
0000dbc4  ti_sysbios_gates_GateMutex_Object__DESC__C                      
0000dbe4  ti_sysbios_heaps_HeapMem_Object__DESC__C                        
0000dc04  ti_sysbios_knl_Clock_Object__DESC__C                            
0000dc24  ti_sysbios_knl_Queue_Object__DESC__C                            
0000dc44  ti_sysbios_knl_Semaphore_Object__DESC__C                        
0000dc64  ti_sysbios_knl_Swi_Object__DESC__C                              
0000dc84  ti_sysbios_knl_Task_Object__DESC__C                             
0000dcc0  PowerCC26XX_config                                              
0000dcf0  ti_sysbios_gates_GateHwi_Object__PARAMS__C                      
0000dd08  ti_sysbios_gates_GateMutex_Object__PARAMS__C                    
0000dd20  ti_sysbios_knl_Queue_Object__PARAMS__C                          
0000dd38  ti_sysbios_knl_Task_hooks__A                                    
0000dd64  xdc_runtime_Startup_sfxnRts__A                                  
0000dd78  ADCBuf_count                                                    
0000dd79  ADC_count                                                       
0000dd7a  AESCCM_count                                                    
0000dd7b  AESGCM_count                                                    
0000dd7c  AESCBC_count                                                    
0000dd7d  AESCTR_count                                                    
0000dd7e  AESECB_count                                                    
0000dd7f  AESCTRDRBG_count                                                
0000dd80  TRNG_count                                                      
0000dd81  Display_count                                                   
0000dd82  I2C_count                                                       
0000dd83  I2S_count                                                       
0000dd84  NVS_count                                                       
0000dd85  PWM_count                                                       
0000dd86  SD_count                                                        
0000dd87  SPI_count                                                       
0000dd88  UART_count                                                      
0000dd89  Watchdog_count                                                  
0000dd8a  ti_sysbios_family_arm_m3_Hwi_Module__id__C                      
0000dd9c  RFCC26XX_hwAttrs                                                
0000dda8  UART_config                                                     
0000ddb4  xdc_runtime_Startup_firstFxns__A                                
0000ddc8  PINCC26XX_hwAttrs                                               
0000ddd0  ti_sysbios_knl_Idle_funcList__A                                 
0000ddd8  ti_sysbios_knl_Idle_funcList__C                                 
0000dde0  ti_sysbios_knl_Task_hooks__C                                    
0000dde8  xdc_runtime_Startup_firstFxns__C                                
0000ddf0  xdc_runtime_Startup_lastFxns__C                                 
0000ddf8  ti_sysbios_family_arm_cc26xx_Timer_funcHookCH2__C               
0000ddfc  ti_sysbios_family_arm_cc26xx_Timer_startupNeeded__C             
0000de00  ti_sysbios_family_arm_m3_Hwi_E_alreadyDefined__C                
0000de04  ti_sysbios_family_arm_m3_Hwi_NUM_INTERRUPTS__C                  
0000de08  ti_sysbios_family_arm_m3_Hwi_Object__count__C                   
0000de0c  ti_sysbios_family_arm_m3_Hwi_ccr__C                             
0000de10  ti_sysbios_family_arm_m3_Hwi_excHandlerFunc__C                  
0000de14  ti_sysbios_family_arm_m3_Hwi_nullIsrFunc__C                     
0000de18  ti_sysbios_family_arm_m3_Hwi_priGroup__C                        
0000de1c  ti_sysbios_family_arm_m3_TaskSupport_stackAlignment__C          
0000de20  ti_sysbios_family_arm_m3_Timer_E_cannotSupport__C               
0000de24  ti_sysbios_family_arm_m3_Timer_startupNeeded__C                 
0000de28  ti_sysbios_gates_GateMutex_Instance_State_sem__O                
0000de2c  ti_sysbios_heaps_HeapMem_E_memory__C                            
0000de30  ti_sysbios_heaps_HeapMem_Module__gateObj__C                     
0000de34  ti_sysbios_heaps_HeapMem_Object__count__C                       
0000de38  ti_sysbios_heaps_HeapMem_primaryHeapBaseAddr__C                 
0000de3c  ti_sysbios_heaps_HeapMem_primaryHeapEndAddr__C                  
0000de40  ti_sysbios_heaps_HeapMem_reqAlign__C                            
0000de44  ti_sysbios_knl_Clock_Module_State_clockQ__O                     
0000de48  ti_sysbios_knl_Clock_tickPeriod__C                              
0000de4c  ti_sysbios_knl_Clock_triggerClock__C                            
0000de50  ti_sysbios_knl_Mailbox_Instance_State_freeQue__O                
0000de54  ti_sysbios_knl_Mailbox_Object__count__C                         
0000de58  ti_sysbios_knl_Mailbox_maxTypeAlign__C                          
0000de5c  ti_sysbios_knl_Semaphore_Instance_State_pendQ__O                
0000de60  ti_sysbios_knl_Swi_Object__count__C                             
0000de64  ti_sysbios_knl_Task_Module_State_inactiveQ__O                   
0000de68  ti_sysbios_knl_Task_Object__count__C                            
0000de6c  ti_sysbios_knl_Task_Object__heap__C                             
0000de70  ti_sysbios_knl_Task_allBlockedFunc__C                           
0000de74  ti_sysbios_knl_Task_defaultStackHeap__C                         
0000de78  ti_sysbios_knl_Task_defaultStackSize__C                         
0000de7c  ti_sysbios_knl_Task_numConstructedTasks__C                      
0000de80  xdc_runtime_Assert_E_assertFailed__C                            
0000de84  xdc_runtime_Error_E_memory__C                                   
0000de88  xdc_runtime_Error_policyFxn__C                                  
0000de8c  xdc_runtime_IGateProvider_Interface__BASE__C                    
0000de90  xdc_runtime_IHeap_Interface__BASE__C                            
0000de94  xdc_runtime_IModule_Interface__BASE__C                          
0000de98  xdc_runtime_Main_Module__diagsEnabled__C                        
0000de9c  xdc_runtime_Main_Module__diagsIncluded__C                       
0000dea0  xdc_runtime_Main_Module__diagsMask__C                           
0000dea4  xdc_runtime_Memory_defaultHeapInstance__C                       
0000dea8  xdc_runtime_Startup_execImpl__C                                 
0000deac  xdc_runtime_Startup_lastFxns__A                                 
0000deb0  xdc_runtime_Startup_maxPasses__C                                
0000deb4  xdc_runtime_Startup_sfxnRts__C                                  
0000deb8  xdc_runtime_Startup_sfxnTab__C                                  
0000debc  xdc_runtime_SysCallback_abortFxn__C                             
0000dec0  xdc_runtime_SysCallback_exitFxn__C                              
0000dec4  xdc_runtime_System_Module__gateObj__C                           
0000dec8  xdc_runtime_System_abortFxn__C                                  
0000decc  xdc_runtime_System_exitFxn__C                                   
0000ded0  xdc_runtime_System_maxAtexitHandlers__C                         
0000ded4  xdc_runtime_Text_charTab__C                                     
0000ded8  xdc_runtime_Text_nameEmpty__C                                   
0000dedc  xdc_runtime_Text_nameStatic__C                                  
0000dee0  xdc_runtime_Text_nameUnknown__C                                 
0000dee4  ti_sysbios_family_arm_m3_Timer_Module__id__C                    
0000dee6  ti_sysbios_family_arm_m3_TimestampProvider_configTimer__C       
0000dee8  ti_sysbios_heaps_HeapMem_Module__id__C                          
0000deea  xdc_runtime_Main_Module__id__C                                  
0000deec  xdc_runtime_Memory_Module__id__C                                
0000deee  xdc_runtime_Text_charCnt__C                                     
0000def0  xdc_runtime_Text_isLoaded__C                                    
0000def2  EasyLink_numSupportedPhys                                       
0000def3  xdc_runtime_Error_policy__C                                     
0000def4  xdc_runtime_Text_charTab__A                                     
0000def8  __TI_static_base__                                              
0000e258  __TI_Handler_Table_Base                                         
0000e264  __TI_Handler_Table_Limit                                        
0000e270  __TI_CINIT_Base                                                 
0000e280  __TI_CINIT_Limit                                                
0001ffa8  __ccfg                                                          
20000000  __start___llvm_prf_cnts                                         
20000000  __stop___llvm_prf_cnts                                          
20000000  ti_sysbios_family_arm_m3_Hwi_ramVectors                         
200000c8  __primary_heap_start__                                          
200010c8  __primary_heap_end__                                            
200016a0  ti_sysbios_knl_Task_Instance_State_0_stack__A                   
200018a0  uartCC26XXObjects                                               
200019cc  ti_sysbios_family_arm_m3_Hwi_dispatchTable                      
20001a94  ClockP_tickPeriod                                               
20001cfc  echoTask                                                        
20001de0  uartParams                                                      
20001e24  uartCC26XXRingBuffer                                            
20001f0c  PowerCC26XX_taskKey                                             
20001f10  PowerCC26XX_swiKey                                              
20001f2c  ti_sysbios_knl_Task_Instance_State_0_hookEnv__A                 
20001f30  uart                                                            
20001f35  driverlib_release_0_56883                                       
20001f38  pinUpperBound                                                   
20001f3c  pinLowerBound                                                   
20001fd0  pinHandleTable                                                  
2000204c  PowerCC26XX_module                                              
20002160  EasyLink_supportedPhys                                          
200021f0  txPacket                                                        
20002308  pOverrides_sl_lr                                                
2000236c  pOverrides_lrm                                                  
200023c4  RF_PROP_txPowerTable                                            
2000241a  ti_sysbios_family_arm_m3_Hwi_Module_State_0_excActive__A        
2000241c  pOverrides                                                      
20002470  pOverrides_fsk                                                  
200024c4  ti_sysbios_gates_GateMutex_Object__table__V                     
20002518  ti_sysbios_knl_Task_Object__table__V                            
20002568  ti_sysbios_family_arm_cc26xx_Timer_Object__table__V             
200025b0  ti_sysbios_knl_Task_Module__state__V                            
20002634  ti_sysbios_family_arm_m3_Hwi_Module__state__V                   
20002668  RF_cmdPropRxAdv_preDef                                          
20002698  ti_sysbios_family_arm_m3_Hwi_Object__table__V                   
200026c8  ti_sysbios_family_arm_m3_Timer_Object__table__V                 
200026f8  ti_sysbios_knl_Swi_Module_State_0_readyQ__A                     
20002728  ti_sysbios_knl_Swi_Object__table__V                             
20002758  ti_sysbios_knl_Task_Module_State_0_readyQ__A                    
20002788  ti_sysbios_knl_Clock_Module__state__V                           
200027b4  RF_cmdPropRadioDivSetup                                         
200027dc  RF_cmdPropRadioDivSetup_fsk                                     
20002804  RF_cmdPropRadioDivSetup_lrm                                     
2000282c  RF_cmdPropRadioDivSetup_sl_lr                                   
20002854  ti_sysbios_BIOS_Module__state__V                                
20002878  ti_sysbios_knl_Clock_Object__table__V                           
20002898  xdc_runtime_Error_IgnoreBlock                                   
200028b8  ti_sysbios_knl_Swi_Module__state__V                             
200028d4  RF_cmdFs                                                        
200028ec  RF_cmdFs_preDef                                                 
20002904  RF_cmdPropTx                                                    
2000291c  ti_sysbios_heaps_HeapMem_Object__table__V                       
2000294c  RF_prop                                                         
2000295c  RF_prop_fsk                                                     
2000296c  RF_prop_lrm                                                     
2000297c  RF_prop_sl_lr                                                   
2000298c  pinTable                                                        
20002998  ti_sysbios_family_arm_m3_Timer_Module__state__V                 
200029a4  _lock                                                           
200029a8  _unlock                                                         
200029ac  ti_sysbios_family_arm_cc26xx_Timer_Module__state__V             
200029b4  ti_sysbios_family_arm_m3_Hwi_Module__root__V                    
200029bc  ti_sysbios_gates_GateHwi_Module__root__V                        
200029c4  ti_sysbios_gates_GateMutex_Module__root__V                      
200029cc  ti_sysbios_heaps_HeapMem_Module__root__V                        
200029d4  ti_sysbios_knl_Clock_Module__root__V                            
200029dc  ti_sysbios_knl_Queue_Module__root__V                            
200029e4  ti_sysbios_knl_Semaphore_Module__root__V                        
200029ec  ti_sysbios_knl_Swi_Module__root__V                              
200029f4  ti_sysbios_knl_Task_Module__root__V                             
200029fc  xdc_runtime_Startup_Module__state__V                            
20002a04  xdc_runtime_System_Module_State_0_atexitHandlers__A             
20002a0c  xdc_runtime_System_Module__state__V                             
20002a14  main_func_sp                                                    
20002a18  ti_sysbios_family_arm_m3_Hwi_Module_State_0_excContext__A       
20002a1c  ti_sysbios_family_arm_m3_Hwi_Module_State_0_excStack__A         
20002a20  ti_sysbios_family_arm_m3_TimestampProvider_Module__state__V     
20002a24  ti_sysbios_gates_GateHwi_Object__table__V                       
20002a28  ti_sysbios_knl_Task_Module_State_0_idleTask__A                  
20002a2c  ti_sysbios_rts_ti_ReentSupport_Module__state__V                 
20002a30  xdc_runtime_Memory_Module__state__V                             
20004c00  __stack                                                         
20005000  __STACK_END                                                     
e000e000  ti_sysbios_family_arm_m3_Hwi_nvic                               
ffffffff  __TI_pprof_out_hndl                                             
ffffffff  __TI_prof_data_size                                             
ffffffff  __TI_prof_data_start                                            
ffffffff  __binit__                                                       
ffffffff  __c_args__                                                      
ffffffff  binit                                                           
UNDEFED   SHT$$INIT_ARRAY$$Base                                           
UNDEFED   SHT$$INIT_ARRAY$$Limit                                          

[752 symbols]
